[2022-04-08T13:21:24.943+0800][0.047s] Heap region size: 1M
[2022-04-08T13:21:25.233+0800][0.339s] Using G1
[2022-04-08T13:21:25.233+0800][0.340s] Heap address: 0x00000000e0000000, size: 512 MB, Compressed Oops mode: 32-bit
[2022-04-08T13:21:26.384+0800][1.487s] GC(0) Pause Young (Normal) (G1 Evacuation Pause)
[2022-04-08T13:21:26.384+0800][1.488s] GC(0) Using 8 workers of 8 for evacuation
[2022-04-08T13:21:26.388+0800][1.492s] GC(0)   Pre Evacuate Collection Set: 0.0ms
[2022-04-08T13:21:26.388+0800][1.492s] GC(0)   Evacuate Collection Set: 3.1ms
[2022-04-08T13:21:26.388+0800][1.492s] GC(0)   Post Evacuate Collection Set: 0.5ms
[2022-04-08T13:21:26.388+0800][1.492s] GC(0)   Other: 0.9ms
[2022-04-08T13:21:26.388+0800][1.492s] GC(0) Eden regions: 30->0(304)
[2022-04-08T13:21:26.389+0800][1.493s] GC(0) Survivor regions: 0->3(4)
[2022-04-08T13:21:26.389+0800][1.493s] GC(0) Old regions: 0->0
[2022-04-08T13:21:26.389+0800][1.493s] GC(0) Humongous regions: 0->0
[2022-04-08T13:21:26.389+0800][1.493s] GC(0) Metaspace: 13388K->13388K(1060864K)
[2022-04-08T13:21:26.389+0800][1.493s] GC(0) Pause Young (Normal) (G1 Evacuation Pause) 30M->3M(512M) 5.308ms
[2022-04-08T13:21:26.389+0800][1.493s] GC(0) User=0.00s Sys=0.00s Real=0.00s
[2022-04-08T13:21:27.120+0800][2.223s] GC(1) Pause Young (Concurrent Start) (Metadata GC Threshold)
[2022-04-08T13:21:27.120+0800][2.223s] GC(1) Using 8 workers of 8 for evacuation
[2022-04-08T13:21:27.138+0800][2.242s] GC(1)   Pre Evacuate Collection Set: 0.0ms
[2022-04-08T13:21:27.138+0800][2.243s] GC(1)   Evacuate Collection Set: 18.1ms
[2022-04-08T13:21:27.138+0800][2.243s] GC(1)   Post Evacuate Collection Set: 0.7ms
[2022-04-08T13:21:27.138+0800][2.243s] GC(1)   Other: 0.3ms
[2022-04-08T13:21:27.138+0800][2.243s] GC(1) Eden regions: 25->0(61)
[2022-04-08T13:21:27.138+0800][2.243s] GC(1) Survivor regions: 3->12(39)
[2022-04-08T13:21:27.138+0800][2.243s] GC(1) Old regions: 0->0
[2022-04-08T13:21:27.138+0800][2.243s] GC(1) Humongous regions: 4->4
[2022-04-08T13:21:27.138+0800][2.243s] GC(1) Metaspace: 20669K->20669K(1069056K)
[2022-04-08T13:21:27.139+0800][2.243s] GC(1) Pause Young (Concurrent Start) (Metadata GC Threshold) 31M->15M(512M) 19.469ms
[2022-04-08T13:21:27.139+0800][2.243s] GC(1) User=0.02s Sys=0.00s Real=0.02s
[2022-04-08T13:21:27.139+0800][2.243s] GC(2) Concurrent Cycle
[2022-04-08T13:21:27.139+0800][2.243s] GC(2) Concurrent Clear Claimed Marks
[2022-04-08T13:21:27.139+0800][2.243s] GC(2) Concurrent Clear Claimed Marks 0.049ms
[2022-04-08T13:21:27.139+0800][2.243s] GC(2) Concurrent Scan Root Regions
[2022-04-08T13:21:27.144+0800][2.250s] GC(2) Concurrent Scan Root Regions 6.574ms
[2022-04-08T13:21:27.144+0800][2.250s] GC(2) Concurrent Mark (2.250s)
[2022-04-08T13:21:27.144+0800][2.250s] GC(2) Concurrent Mark From Roots
[2022-04-08T13:21:27.144+0800][2.250s] GC(2) Using 2 workers of 2 for marking
[2022-04-08T13:21:27.149+0800][2.252s] GC(2) Concurrent Mark From Roots 2.492ms
[2022-04-08T13:21:27.149+0800][2.252s] GC(2) Concurrent Preclean
[2022-04-08T13:21:27.149+0800][2.252s] GC(2) Concurrent Preclean 0.156ms
[2022-04-08T13:21:27.149+0800][2.252s] GC(2) Concurrent Mark (2.250s, 2.252s) 2.753ms
[2022-04-08T13:21:27.149+0800][2.253s] GC(2) Pause Remark
[2022-04-08T13:21:27.151+0800][2.254s] GC(2) Cleaned string and symbol table, strings: 9629 processed, 0 removed, symbols: 67543 processed, 20 removed
[2022-04-08T13:21:27.151+0800][2.255s] GC(2) Pause Remark 16M->16M(512M) 1.795ms
[2022-04-08T13:21:27.151+0800][2.255s] GC(2) User=0.00s Sys=0.00s Real=0.00s
[2022-04-08T13:21:27.151+0800][2.255s] GC(2) Concurrent Rebuild Remembered Sets
[2022-04-08T13:21:27.154+0800][2.258s] GC(2) Concurrent Rebuild Remembered Sets 3.263ms
[2022-04-08T13:21:27.155+0800][2.258s] GC(2) Pause Cleanup
[2022-04-08T13:21:27.155+0800][2.258s] GC(2) Pause Cleanup 16M->16M(512M) 0.155ms
[2022-04-08T13:21:27.155+0800][2.258s] GC(2) User=0.00s Sys=0.00s Real=0.00s
[2022-04-08T13:21:27.155+0800][2.258s] GC(2) Concurrent Cleanup for Next Mark
[2022-04-08T13:21:27.155+0800][2.259s] GC(2) Concurrent Cleanup for Next Mark 0.608ms
[2022-04-08T13:21:27.156+0800][2.259s] GC(2) Concurrent Cycle 16.510ms
[2022-04-08T13:21:28.781+0800][3.884s] GC(3) Pause Young (Normal) (G1 Evacuation Pause)
[2022-04-08T13:21:28.781+0800][3.884s] GC(3) Using 8 workers of 8 for evacuation
[2022-04-08T13:21:28.792+0800][3.895s] GC(3)   Pre Evacuate Collection Set: 0.0ms
[2022-04-08T13:21:28.792+0800][3.896s] GC(3)   Evacuate Collection Set: 10.0ms
[2022-04-08T13:21:28.792+0800][3.896s] GC(3)   Post Evacuate Collection Set: 1.2ms
[2022-04-08T13:21:28.792+0800][3.896s] GC(3)   Other: 0.2ms
[2022-04-08T13:21:28.792+0800][3.896s] GC(3) Eden regions: 43->0(65)
[2022-04-08T13:21:28.792+0800][3.896s] GC(3) Survivor regions: 12->7(7)
[2022-04-08T13:21:28.792+0800][3.896s] GC(3) Old regions: 0->13
[2022-04-08T13:21:28.792+0800][3.896s] GC(3) Humongous regions: 4->4
[2022-04-08T13:21:28.792+0800][3.896s] GC(3) Metaspace: 25295K->25295K(1073152K)
[2022-04-08T13:21:28.792+0800][3.896s] GC(3) Pause Young (Normal) (G1 Evacuation Pause) 58M->23M(512M) 11.681ms
[2022-04-08T13:21:28.792+0800][3.896s] GC(3) User=0.13s Sys=0.00s Real=0.01s
[2022-04-08T13:21:31.051+0800][6.156s] GC(4) Pause Young (Normal) (G1 Evacuation Pause)
[2022-04-08T13:21:31.052+0800][6.156s] GC(4) Using 8 workers of 8 for evacuation
[2022-04-08T13:21:31.058+0800][6.162s] GC(4)   Pre Evacuate Collection Set: 0.0ms
[2022-04-08T13:21:31.058+0800][6.162s] GC(4)   Evacuate Collection Set: 5.1ms
[2022-04-08T13:21:31.059+0800][6.162s] GC(4)   Post Evacuate Collection Set: 0.6ms
[2022-04-08T13:21:31.059+0800][6.162s] GC(4)   Other: 0.5ms
[2022-04-08T13:21:31.059+0800][6.162s] GC(4) Eden regions: 65->0(107)
[2022-04-08T13:21:31.059+0800][6.162s] GC(4) Survivor regions: 7->2(9)
[2022-04-08T13:21:31.059+0800][6.162s] GC(4) Old regions: 13->20
[2022-04-08T13:21:31.059+0800][6.162s] GC(4) Humongous regions: 4->4
[2022-04-08T13:21:31.059+0800][6.162s] GC(4) Metaspace: 32701K->32701K(1079296K)
[2022-04-08T13:21:31.059+0800][6.162s] GC(4) Pause Young (Normal) (G1 Evacuation Pause) 88M->25M(512M) 6.677ms
[2022-04-08T13:21:31.059+0800][6.162s] GC(4) User=0.00s Sys=0.00s Real=0.01s
[2022-04-08T13:21:31.542+0800][6.647s] GC(5) Pause Young (Concurrent Start) (Metadata GC Threshold)
[2022-04-08T13:21:31.542+0800][6.648s] GC(5) Using 8 workers of 8 for evacuation
[2022-04-08T13:21:31.546+0800][6.652s] GC(5)   Pre Evacuate Collection Set: 0.1ms
[2022-04-08T13:21:31.546+0800][6.652s] GC(5)   Evacuate Collection Set: 4.1ms
[2022-04-08T13:21:31.546+0800][6.653s] GC(5)   Post Evacuate Collection Set: 0.5ms
[2022-04-08T13:21:31.546+0800][6.653s] GC(5)   Other: 0.3ms
[2022-04-08T13:21:31.546+0800][6.653s] GC(5) Eden regions: 13->0(113)
[2022-04-08T13:21:31.546+0800][6.653s] GC(5) Survivor regions: 2->2(14)
[2022-04-08T13:21:31.546+0800][6.653s] GC(5) Old regions: 20->20
[2022-04-08T13:21:31.546+0800][6.653s] GC(5) Humongous regions: 4->4
[2022-04-08T13:21:31.546+0800][6.653s] GC(5) Metaspace: 35163K->35163K(1081344K)
[2022-04-08T13:21:31.550+0800][6.653s] GC(5) Pause Young (Concurrent Start) (Metadata GC Threshold) 38M->25M(512M) 5.312ms
[2022-04-08T13:21:31.550+0800][6.653s] GC(5) User=0.00s Sys=0.00s Real=0.01s
[2022-04-08T13:21:31.550+0800][6.653s] GC(6) Concurrent Cycle
[2022-04-08T13:21:31.550+0800][6.653s] GC(6) Concurrent Clear Claimed Marks
[2022-04-08T13:21:31.550+0800][6.653s] GC(6) Concurrent Clear Claimed Marks 0.063ms
[2022-04-08T13:21:31.550+0800][6.653s] GC(6) Concurrent Scan Root Regions
[2022-04-08T13:21:31.550+0800][6.656s] GC(6) Concurrent Scan Root Regions 2.582ms
[2022-04-08T13:21:31.550+0800][6.656s] GC(6) Concurrent Mark (6.656s)
[2022-04-08T13:21:31.550+0800][6.656s] GC(6) Concurrent Mark From Roots
[2022-04-08T13:21:31.550+0800][6.656s] GC(6) Using 2 workers of 2 for marking
[2022-04-08T13:21:31.603+0800][6.707s] GC(6) Concurrent Mark From Roots 51.276ms
[2022-04-08T13:21:31.603+0800][6.707s] GC(6) Concurrent Preclean
[2022-04-08T13:21:31.604+0800][6.708s] GC(6) Concurrent Preclean 0.510ms
[2022-04-08T13:21:31.604+0800][6.708s] GC(6) Concurrent Mark (6.656s, 6.708s) 52.016ms
[2022-04-08T13:21:31.604+0800][6.708s] GC(6) Pause Remark
[2022-04-08T13:21:31.610+0800][6.713s] GC(6) Cleaned string and symbol table, strings: 15886 processed, 27 removed, symbols: 115042 processed, 42 removed
[2022-04-08T13:21:31.610+0800][6.714s] GC(6) Pause Remark 26M->26M(512M) 5.414ms
[2022-04-08T13:21:31.610+0800][6.714s] GC(6) User=0.00s Sys=0.00s Real=0.01s
[2022-04-08T13:21:31.610+0800][6.714s] GC(6) Concurrent Rebuild Remembered Sets
[2022-04-08T13:21:31.632+0800][6.736s] GC(6) Concurrent Rebuild Remembered Sets 22.314ms
[2022-04-08T13:21:31.633+0800][6.737s] GC(6) Pause Cleanup
[2022-04-08T13:21:31.633+0800][6.737s] GC(6) Pause Cleanup 26M->26M(512M) 0.217ms
[2022-04-08T13:21:31.633+0800][6.737s] GC(6) User=0.00s Sys=0.00s Real=0.00s
[2022-04-08T13:21:31.633+0800][6.737s] GC(6) Concurrent Cleanup for Next Mark
[2022-04-08T13:21:31.634+0800][6.738s] GC(6) Concurrent Cleanup for Next Mark 0.800ms
[2022-04-08T13:21:31.634+0800][6.738s] GC(6) Concurrent Cycle 84.955ms
[2022-04-08T13:21:34.628+0800][9.732s] GC(7) Pause Young (Concurrent Start) (G1 Evacuation Pause)
[2022-04-08T13:21:34.628+0800][9.732s] GC(7) Using 8 workers of 8 for evacuation
[2022-04-08T13:21:34.646+0800][9.750s] GC(7)   Pre Evacuate Collection Set: 0.1ms
[2022-04-08T13:21:34.647+0800][9.751s] GC(7)   Evacuate Collection Set: 17.5ms
[2022-04-08T13:21:34.647+0800][9.751s] GC(7)   Post Evacuate Collection Set: 1.0ms
[2022-04-08T13:21:34.647+0800][9.751s] GC(7)   Other: 0.4ms
[2022-04-08T13:21:34.647+0800][9.751s] GC(7) Eden regions: 117->0(170)
[2022-04-08T13:21:34.647+0800][9.751s] GC(7) Survivor regions: 2->9(15)
[2022-04-08T13:21:34.647+0800][9.751s] GC(7) Old regions: 20->20
[2022-04-08T13:21:34.647+0800][9.751s] GC(7) Humongous regions: 5->4
[2022-04-08T13:21:34.647+0800][9.751s] GC(7) Metaspace: 46817K->46817K(1091584K)
[2022-04-08T13:21:34.647+0800][9.751s] GC(7) Pause Young (Concurrent Start) (G1 Evacuation Pause) 143M->32M(512M) 19.397ms
[2022-04-08T13:21:34.647+0800][9.751s] GC(7) User=0.25s Sys=0.00s Real=0.02s
[2022-04-08T13:21:34.647+0800][9.751s] GC(8) Concurrent Cycle
[2022-04-08T13:21:34.647+0800][9.751s] GC(8) Concurrent Clear Claimed Marks
[2022-04-08T13:21:34.647+0800][9.751s] GC(8) Concurrent Clear Claimed Marks 0.101ms
[2022-04-08T13:21:34.647+0800][9.751s] GC(8) Concurrent Scan Root Regions
[2022-04-08T13:21:34.657+0800][9.761s] GC(8) Concurrent Scan Root Regions 9.436ms
[2022-04-08T13:21:34.657+0800][9.761s] GC(8) Concurrent Mark (9.761s)
[2022-04-08T13:21:34.657+0800][9.761s] GC(8) Concurrent Mark From Roots
[2022-04-08T13:21:34.657+0800][9.761s] GC(8) Using 2 workers of 2 for marking
[2022-04-08T13:21:34.696+0800][9.800s] GC(8) Concurrent Mark From Roots 38.869ms
[2022-04-08T13:21:34.696+0800][9.800s] GC(8) Concurrent Preclean
[2022-04-08T13:21:34.696+0800][9.800s] GC(8) Concurrent Preclean 0.370ms
[2022-04-08T13:21:34.696+0800][9.800s] GC(8) Concurrent Mark (9.761s, 9.800s) 39.427ms
[2022-04-08T13:21:34.697+0800][9.801s] GC(8) Pause Remark
[2022-04-08T13:21:34.703+0800][9.806s] GC(8) Cleaned string and symbol table, strings: 22491 processed, 0 removed, symbols: 149026 processed, 93 removed
[2022-04-08T13:21:34.703+0800][9.807s] GC(8) Pause Remark 34M->34M(512M) 6.076ms
[2022-04-08T13:21:34.703+0800][9.807s] GC(8) User=0.00s Sys=0.00s Real=0.01s
[2022-04-08T13:21:34.703+0800][9.807s] GC(8) Concurrent Rebuild Remembered Sets
[2022-04-08T13:21:34.723+0800][9.827s] GC(8) Concurrent Rebuild Remembered Sets 19.967ms
[2022-04-08T13:21:34.723+0800][9.827s] GC(8) Pause Cleanup
[2022-04-08T13:21:34.723+0800][9.828s] GC(8) Pause Cleanup 35M->35M(512M) 0.211ms
[2022-04-08T13:21:34.723+0800][9.828s] GC(8) User=0.00s Sys=0.00s Real=0.00s
[2022-04-08T13:21:34.723+0800][9.828s] GC(8) Concurrent Cleanup for Next Mark
[2022-04-08T13:21:34.723+0800][9.829s] GC(8) Concurrent Cleanup for Next Mark 0.800ms
[2022-04-08T13:21:34.723+0800][9.829s] GC(8) Concurrent Cycle 77.620ms
[2022-04-08T13:22:08.006+0800][43.109s] GC(9) Pause Young (Normal) (G1 Evacuation Pause)
[2022-04-08T13:22:08.006+0800][43.109s] GC(9) Using 8 workers of 8 for evacuation
[2022-04-08T13:22:08.019+0800][43.123s] GC(9)   Pre Evacuate Collection Set: 0.1ms
[2022-04-08T13:22:08.019+0800][43.123s] GC(9)   Evacuate Collection Set: 12.4ms
[2022-04-08T13:22:08.019+0800][43.123s] GC(9)   Post Evacuate Collection Set: 1.0ms
[2022-04-08T13:22:08.019+0800][43.123s] GC(9)   Other: 0.5ms
[2022-04-08T13:22:08.019+0800][43.123s] GC(9) Eden regions: 175->0(291)
[2022-04-08T13:22:08.019+0800][43.123s] GC(9) Survivor regions: 9->16(23)
[2022-04-08T13:22:08.019+0800][43.123s] GC(9) Old regions: 20->20
[2022-04-08T13:22:08.019+0800][43.123s] GC(9) Humongous regions: 7->7
[2022-04-08T13:22:08.019+0800][43.123s] GC(9) Metaspace: 58874K->58874K(1101824K)
[2022-04-08T13:22:08.019+0800][43.123s] GC(9) Pause Young (Normal) (G1 Evacuation Pause) 210M->42M(512M) 14.169ms
[2022-04-08T13:22:08.019+0800][43.123s] GC(9) User=0.00s Sys=0.00s Real=0.01s
[2022-04-08T15:30:27.383+0800][7742.487s] GC(10) Pause Young (Normal) (G1 Evacuation Pause)
[2022-04-08T15:30:27.384+0800][7742.487s] GC(10) Using 8 workers of 8 for evacuation
[2022-04-08T15:30:27.411+0800][7742.515s] GC(10)   Pre Evacuate Collection Set: 0.3ms
[2022-04-08T15:30:27.411+0800][7742.515s] GC(10)   Evacuate Collection Set: 24.0ms
[2022-04-08T15:30:27.411+0800][7742.515s] GC(10)   Post Evacuate Collection Set: 2.7ms
[2022-04-08T15:30:27.411+0800][7742.515s] GC(10)   Other: 1.2ms
[2022-04-08T15:30:27.412+0800][7742.515s] GC(10) Eden regions: 291->0(289)
[2022-04-08T15:30:27.412+0800][7742.515s] GC(10) Survivor regions: 16->18(39)
[2022-04-08T15:30:27.412+0800][7742.515s] GC(10) Old regions: 20->20
[2022-04-08T15:30:27.412+0800][7742.515s] GC(10) Humongous regions: 7->7
[2022-04-08T15:30:27.412+0800][7742.515s] GC(10) Metaspace: 61083K->61083K(1103872K)
[2022-04-08T15:30:27.412+0800][7742.515s] GC(10) Pause Young (Normal) (G1 Evacuation Pause) 333M->44M(512M) 28.157ms
[2022-04-08T15:30:27.412+0800][7742.515s] GC(10) User=0.02s Sys=0.09s Real=0.03s
[2022-04-08T15:57:51.679+0800][9386.783s] GC(11) Pause Young (Normal) (G1 Evacuation Pause)
[2022-04-08T15:57:51.679+0800][9386.783s] GC(11) Using 8 workers of 8 for evacuation
[2022-04-08T15:57:51.693+0800][9386.797s] GC(11)   Pre Evacuate Collection Set: 0.1ms
[2022-04-08T15:57:51.693+0800][9386.797s] GC(11)   Evacuate Collection Set: 12.2ms
[2022-04-08T15:57:51.693+0800][9386.797s] GC(11)   Post Evacuate Collection Set: 1.2ms
[2022-04-08T15:57:51.693+0800][9386.797s] GC(11)   Other: 0.3ms
[2022-04-08T15:57:51.693+0800][9386.797s] GC(11) Eden regions: 289->0(290)
[2022-04-08T15:57:51.693+0800][9386.797s] GC(11) Survivor regions: 18->17(39)
[2022-04-08T15:57:51.693+0800][9386.797s] GC(11) Old regions: 20->20
[2022-04-08T15:57:51.693+0800][9386.797s] GC(11) Humongous regions: 7->7
[2022-04-08T15:57:51.693+0800][9386.797s] GC(11) Metaspace: 61481K->61481K(1105920K)
[2022-04-08T15:57:51.693+0800][9386.797s] GC(11) Pause Young (Normal) (G1 Evacuation Pause) 333M->43M(512M) 14.016ms
[2022-04-08T15:57:51.693+0800][9386.797s] GC(11) User=0.11s Sys=0.02s Real=0.01s
[2022-04-08T16:06:22.271+0800][9897.375s] Heap
[2022-04-08T16:06:22.271+0800][9897.375s]  garbage-first heap   total 524288K, used 139080K [0x00000000e0000000, 0x0000000100000000)
[2022-04-08T16:06:22.271+0800][9897.375s]   region size 1024K, 110 young (112640K), 17 survivors (17408K)
[2022-04-08T16:06:22.272+0800][9897.375s]  Metaspace       used 61986K, capacity 63362K, committed 63592K, reserved 1105920K
[2022-04-08T16:06:22.272+0800][9897.375s]   class space    used 7026K, capacity 7568K, committed 7628K, reserved 1048576K
