[2022-03-25T16:11:12.741+0800][0.037s] Heap region size: 1M
[2022-03-25T16:11:12.974+0800][0.270s] Using G1
[2022-03-25T16:11:12.974+0800][0.270s] Heap address: 0x00000000e0000000, size: 512 MB, Compressed Oops mode: 32-bit
[2022-03-25T16:11:15.805+0800][3.100s] GC(0) Pause Young (Normal) (G1 Evacuation Pause)
[2022-03-25T16:11:15.805+0800][3.101s] GC(0) Using 8 workers of 8 for evacuation
[2022-03-25T16:11:15.810+0800][3.105s] GC(0)   Pre Evacuate Collection Set: 0.1ms
[2022-03-25T16:11:15.810+0800][3.105s] GC(0)   Evacuate Collection Set: 2.3ms
[2022-03-25T16:11:15.810+0800][3.105s] GC(0)   Post Evacuate Collection Set: 1.0ms
[2022-03-25T16:11:15.810+0800][3.106s] GC(0)   Other: 2.4ms
[2022-03-25T16:11:15.810+0800][3.106s] GC(0) Eden regions: 30->0(304)
[2022-03-25T16:11:15.834+0800][3.129s] GC(0) Survivor regions: 0->3(4)
[2022-03-25T16:11:15.834+0800][3.129s] GC(0) Old regions: 0->0
[2022-03-25T16:11:15.834+0800][3.129s] GC(0) Humongous regions: 0->0
[2022-03-25T16:11:15.834+0800][3.129s] GC(0) Metaspace: 13382K->13382K(1060864K)
[2022-03-25T16:11:15.834+0800][3.129s] GC(0) Pause Young (Normal) (G1 Evacuation Pause) 30M->2M(512M) 28.842ms
[2022-03-25T16:11:15.834+0800][3.129s] GC(0) User=0.00s Sys=0.00s Real=0.03s
[2022-03-25T16:11:16.532+0800][3.828s] GC(1) Pause Young (Concurrent Start) (Metadata GC Threshold)
[2022-03-25T16:11:16.532+0800][3.828s] GC(1) Using 8 workers of 8 for evacuation
[2022-03-25T16:11:16.545+0800][3.840s] GC(1)   Pre Evacuate Collection Set: 0.1ms
[2022-03-25T16:11:16.545+0800][3.840s] GC(1)   Evacuate Collection Set: 10.7ms
[2022-03-25T16:11:16.545+0800][3.840s] GC(1)   Post Evacuate Collection Set: 0.8ms
[2022-03-25T16:11:16.545+0800][3.840s] GC(1)   Other: 0.7ms
[2022-03-25T16:11:16.545+0800][3.840s] GC(1) Eden regions: 25->0(63)
[2022-03-25T16:11:16.545+0800][3.840s] GC(1) Survivor regions: 3->12(39)
[2022-03-25T16:11:16.545+0800][3.840s] GC(1) Old regions: 0->0
[2022-03-25T16:11:16.545+0800][3.840s] GC(1) Humongous regions: 4->4
[2022-03-25T16:11:16.545+0800][3.840s] GC(1) Metaspace: 20671K->20671K(1069056K)
[2022-03-25T16:11:16.545+0800][3.841s] GC(1) Pause Young (Concurrent Start) (Metadata GC Threshold) 31M->15M(512M) 12.593ms
[2022-03-25T16:11:16.545+0800][3.841s] GC(1) User=0.02s Sys=0.00s Real=0.01s
[2022-03-25T16:11:16.545+0800][3.841s] GC(2) Concurrent Cycle
[2022-03-25T16:11:16.545+0800][3.841s] GC(2) Concurrent Clear Claimed Marks
[2022-03-25T16:11:16.545+0800][3.841s] GC(2) Concurrent Clear Claimed Marks 0.054ms
[2022-03-25T16:11:16.545+0800][3.841s] GC(2) Concurrent Scan Root Regions
[2022-03-25T16:11:16.549+0800][3.845s] GC(2) Concurrent Scan Root Regions 3.981ms
[2022-03-25T16:11:16.549+0800][3.845s] GC(2) Concurrent Mark (3.845s)
[2022-03-25T16:11:16.549+0800][3.845s] GC(2) Concurrent Mark From Roots
[2022-03-25T16:11:16.549+0800][3.845s] GC(2) Using 2 workers of 2 for marking
[2022-03-25T16:11:16.551+0800][3.847s] GC(2) Concurrent Mark From Roots 1.667ms
[2022-03-25T16:11:16.551+0800][3.847s] GC(2) Concurrent Preclean
[2022-03-25T16:11:16.551+0800][3.847s] GC(2) Concurrent Preclean 0.109ms
[2022-03-25T16:11:16.551+0800][3.847s] GC(2) Concurrent Mark (3.845s, 3.847s) 1.841ms
[2022-03-25T16:11:16.552+0800][3.847s] GC(2) Pause Remark
[2022-03-25T16:11:16.553+0800][3.849s] GC(2) Cleaned string and symbol table, strings: 9632 processed, 0 removed, symbols: 67537 processed, 20 removed
[2022-03-25T16:11:16.554+0800][3.850s] GC(2) Pause Remark 16M->16M(512M) 2.197ms
[2022-03-25T16:11:16.554+0800][3.850s] GC(2) User=0.11s Sys=0.00s Real=0.00s
[2022-03-25T16:11:16.554+0800][3.850s] GC(2) Concurrent Rebuild Remembered Sets
[2022-03-25T16:11:16.556+0800][3.851s] GC(2) Concurrent Rebuild Remembered Sets 1.454ms
[2022-03-25T16:11:16.556+0800][3.851s] GC(2) Pause Cleanup
[2022-03-25T16:11:16.556+0800][3.852s] GC(2) Pause Cleanup 16M->16M(512M) 0.183ms
[2022-03-25T16:11:16.556+0800][3.852s] GC(2) User=0.00s Sys=0.00s Real=0.00s
[2022-03-25T16:11:16.556+0800][3.852s] GC(2) Concurrent Cleanup for Next Mark
[2022-03-25T16:11:16.557+0800][3.853s] GC(2) Concurrent Cleanup for Next Mark 1.021ms
[2022-03-25T16:11:16.557+0800][3.853s] GC(2) Concurrent Cycle 12.137ms
[2022-03-25T16:11:18.438+0800][5.733s] GC(3) Pause Young (Normal) (G1 Evacuation Pause)
[2022-03-25T16:11:18.438+0800][5.733s] GC(3) Using 8 workers of 8 for evacuation
[2022-03-25T16:11:18.447+0800][5.743s] GC(3)   Pre Evacuate Collection Set: 0.0ms
[2022-03-25T16:11:18.448+0800][5.743s] GC(3)   Evacuate Collection Set: 8.2ms
[2022-03-25T16:11:18.448+0800][5.743s] GC(3)   Post Evacuate Collection Set: 0.9ms
[2022-03-25T16:11:18.448+0800][5.743s] GC(3)   Other: 0.2ms
[2022-03-25T16:11:18.448+0800][5.743s] GC(3) Eden regions: 44->0(67)
[2022-03-25T16:11:18.448+0800][5.743s] GC(3) Survivor regions: 12->7(7)
[2022-03-25T16:11:18.448+0800][5.743s] GC(3) Old regions: 0->13
[2022-03-25T16:11:18.448+0800][5.743s] GC(3) Humongous regions: 4->4
[2022-03-25T16:11:18.448+0800][5.743s] GC(3) Metaspace: 25370K->25370K(1073152K)
[2022-03-25T16:11:18.448+0800][5.743s] GC(3) Pause Young (Normal) (G1 Evacuation Pause) 59M->23M(512M) 9.476ms
[2022-03-25T16:11:18.448+0800][5.743s] GC(3) User=0.11s Sys=0.00s Real=0.01s
[2022-03-25T16:11:19.776+0800][7.071s] GC(4) Pause Young (Normal) (G1 Evacuation Pause)
[2022-03-25T16:11:19.776+0800][7.071s] GC(4) Using 8 workers of 8 for evacuation
[2022-03-25T16:11:19.779+0800][7.074s] GC(4)   Pre Evacuate Collection Set: 0.0ms
[2022-03-25T16:11:19.779+0800][7.074s] GC(4)   Evacuate Collection Set: 2.1ms
[2022-03-25T16:11:19.779+0800][7.074s] GC(4)   Post Evacuate Collection Set: 0.5ms
[2022-03-25T16:11:19.779+0800][7.074s] GC(4)   Other: 0.2ms
[2022-03-25T16:11:19.779+0800][7.074s] GC(4) Eden regions: 67->0(111)
[2022-03-25T16:11:19.779+0800][7.074s] GC(4) Survivor regions: 7->2(10)
[2022-03-25T16:11:19.779+0800][7.074s] GC(4) Old regions: 13->20
[2022-03-25T16:11:19.779+0800][7.074s] GC(4) Humongous regions: 4->4
[2022-03-25T16:11:19.779+0800][7.074s] GC(4) Metaspace: 33181K->33181K(1079296K)
[2022-03-25T16:11:19.779+0800][7.074s] GC(4) Pause Young (Normal) (G1 Evacuation Pause) 90M->24M(512M) 3.113ms
[2022-03-25T16:11:19.779+0800][7.074s] GC(4) User=0.00s Sys=0.00s Real=0.00s
[2022-03-25T16:11:19.959+0800][7.255s] GC(5) Pause Young (Concurrent Start) (Metadata GC Threshold)
[2022-03-25T16:11:19.959+0800][7.255s] GC(5) Using 8 workers of 8 for evacuation
[2022-03-25T16:11:19.963+0800][7.259s] GC(5)   Pre Evacuate Collection Set: 0.1ms
[2022-03-25T16:11:19.963+0800][7.259s] GC(5)   Evacuate Collection Set: 3.5ms
[2022-03-25T16:11:19.963+0800][7.259s] GC(5)   Post Evacuate Collection Set: 0.3ms
[2022-03-25T16:11:19.964+0800][7.259s] GC(5)   Other: 0.3ms
[2022-03-25T16:11:19.964+0800][7.259s] GC(5) Eden regions: 8->0(119)
[2022-03-25T16:11:19.964+0800][7.259s] GC(5) Survivor regions: 2->2(15)
[2022-03-25T16:11:19.964+0800][7.259s] GC(5) Old regions: 20->20
[2022-03-25T16:11:19.964+0800][7.259s] GC(5) Humongous regions: 4->4
[2022-03-25T16:11:19.964+0800][7.259s] GC(5) Metaspace: 35057K->35057K(1081344K)
[2022-03-25T16:11:19.964+0800][7.259s] GC(5) Pause Young (Concurrent Start) (Metadata GC Threshold) 32M->25M(512M) 4.300ms
[2022-03-25T16:11:19.964+0800][7.259s] GC(5) User=0.05s Sys=0.00s Real=0.00s
[2022-03-25T16:11:19.964+0800][7.259s] GC(6) Concurrent Cycle
[2022-03-25T16:11:19.964+0800][7.259s] GC(6) Concurrent Clear Claimed Marks
[2022-03-25T16:11:19.964+0800][7.259s] GC(6) Concurrent Clear Claimed Marks 0.038ms
[2022-03-25T16:11:19.964+0800][7.259s] GC(6) Concurrent Scan Root Regions
[2022-03-25T16:11:19.966+0800][7.261s] GC(6) Concurrent Scan Root Regions 1.822ms
[2022-03-25T16:11:19.966+0800][7.261s] GC(6) Concurrent Mark (7.261s)
[2022-03-25T16:11:19.966+0800][7.261s] GC(6) Concurrent Mark From Roots
[2022-03-25T16:11:19.966+0800][7.261s] GC(6) Using 2 workers of 2 for marking
[2022-03-25T16:11:19.985+0800][7.281s] GC(6) Concurrent Mark From Roots 20.487ms
[2022-03-25T16:11:19.985+0800][7.281s] GC(6) Concurrent Preclean
[2022-03-25T16:11:19.986+0800][7.282s] GC(6) Concurrent Preclean 0.242ms
[2022-03-25T16:11:19.986+0800][7.282s] GC(6) Concurrent Mark (7.261s, 7.282s) 20.823ms
[2022-03-25T16:11:20.007+0800][7.303s] GC(6) Pause Remark
[2022-03-25T16:11:20.010+0800][7.306s] GC(6) Cleaned string and symbol table, strings: 15716 processed, 27 removed, symbols: 114119 processed, 42 removed
[2022-03-25T16:11:20.010+0800][7.306s] GC(6) Pause Remark 25M->25M(512M) 3.012ms
[2022-03-25T16:11:20.010+0800][7.306s] GC(6) User=0.00s Sys=0.00s Real=0.00s
[2022-03-25T16:11:20.010+0800][7.306s] GC(6) Concurrent Rebuild Remembered Sets
[2022-03-25T16:11:20.020+0800][7.316s] GC(6) Concurrent Rebuild Remembered Sets 9.342ms
[2022-03-25T16:11:20.020+0800][7.316s] GC(6) Pause Cleanup
[2022-03-25T16:11:20.020+0800][7.316s] GC(6) Pause Cleanup 25M->25M(512M) 0.135ms
[2022-03-25T16:11:20.020+0800][7.316s] GC(6) User=0.00s Sys=0.00s Real=0.00s
[2022-03-25T16:11:20.020+0800][7.316s] GC(6) Concurrent Cleanup for Next Mark
[2022-03-25T16:11:20.021+0800][7.317s] GC(6) Concurrent Cleanup for Next Mark 0.976ms
[2022-03-25T16:11:20.022+0800][7.317s] GC(6) Concurrent Cycle 58.239ms
[2022-03-25T16:17:44.127+0800][391.422s] GC(7) Pause Young (Concurrent Start) (G1 Evacuation Pause)
[2022-03-25T16:17:44.127+0800][391.422s] GC(7) Using 8 workers of 8 for evacuation
[2022-03-25T16:17:44.134+0800][391.431s] GC(7)   Pre Evacuate Collection Set: 0.1ms
[2022-03-25T16:17:44.135+0800][391.431s] GC(7)   Evacuate Collection Set: 7.3ms
[2022-03-25T16:17:44.135+0800][391.431s] GC(7)   Post Evacuate Collection Set: 0.7ms
[2022-03-25T16:17:44.135+0800][391.431s] GC(7)   Other: 0.2ms
[2022-03-25T16:17:44.135+0800][391.431s] GC(7) Eden regions: 124->0(181)
[2022-03-25T16:17:44.135+0800][391.431s] GC(7) Survivor regions: 2->11(16)
[2022-03-25T16:17:44.135+0800][391.431s] GC(7) Old regions: 20->20
[2022-03-25T16:17:44.135+0800][391.431s] GC(7) Humongous regions: 5->4
[2022-03-25T16:17:44.135+0800][391.431s] GC(7) Metaspace: 48211K->48211K(1093632K)
[2022-03-25T16:17:44.135+0800][391.431s] GC(7) Pause Young (Concurrent Start) (G1 Evacuation Pause) 150M->33M(512M) 8.432ms
[2022-03-25T16:17:44.135+0800][391.431s] GC(7) User=0.02s Sys=0.00s Real=0.01s
[2022-03-25T16:17:44.135+0800][391.431s] GC(8) Concurrent Cycle
[2022-03-25T16:17:44.135+0800][391.431s] GC(8) Concurrent Clear Claimed Marks
[2022-03-25T16:17:44.135+0800][391.431s] GC(8) Concurrent Clear Claimed Marks 0.101ms
[2022-03-25T16:17:44.135+0800][391.431s] GC(8) Concurrent Scan Root Regions
[2022-03-25T16:17:44.140+0800][391.436s] GC(8) Concurrent Scan Root Regions 5.195ms
[2022-03-25T16:17:44.140+0800][391.436s] GC(8) Concurrent Mark (391.436s)
[2022-03-25T16:17:44.140+0800][391.436s] GC(8) Concurrent Mark From Roots
[2022-03-25T16:17:44.140+0800][391.436s] GC(8) Using 2 workers of 2 for marking
[2022-03-25T16:17:44.162+0800][391.458s] GC(8) Concurrent Mark From Roots 21.755ms
[2022-03-25T16:17:44.162+0800][391.458s] GC(8) Concurrent Preclean
[2022-03-25T16:17:44.162+0800][391.458s] GC(8) Concurrent Preclean 0.170ms
[2022-03-25T16:17:44.162+0800][391.458s] GC(8) Concurrent Mark (391.436s, 391.458s) 22.030ms
[2022-03-25T16:17:44.162+0800][391.459s] GC(8) Pause Remark
[2022-03-25T16:17:44.166+0800][391.462s] GC(8) Cleaned string and symbol table, strings: 21495 processed, 0 removed, symbols: 148560 processed, 96 removed
[2022-03-25T16:17:44.166+0800][391.462s] GC(8) Pause Remark 36M->36M(512M) 3.468ms
[2022-03-25T16:17:44.166+0800][391.462s] GC(8) User=0.00s Sys=0.00s Real=0.00s
[2022-03-25T16:17:44.166+0800][391.462s] GC(8) Concurrent Rebuild Remembered Sets
[2022-03-25T16:17:44.176+0800][391.472s] GC(8) Concurrent Rebuild Remembered Sets 9.631ms
[2022-03-25T16:17:44.176+0800][391.472s] GC(8) Pause Cleanup
[2022-03-25T16:17:44.176+0800][391.472s] GC(8) Pause Cleanup 36M->36M(512M) 0.107ms
[2022-03-25T16:17:44.176+0800][391.472s] GC(8) User=0.00s Sys=0.00s Real=0.00s
[2022-03-25T16:17:44.176+0800][391.472s] GC(8) Concurrent Cleanup for Next Mark
[2022-03-25T16:17:44.177+0800][391.473s] GC(8) Concurrent Cleanup for Next Mark 1.104ms
[2022-03-25T16:17:44.177+0800][391.473s] GC(8) Concurrent Cycle 42.368ms
[2022-03-25T16:20:44.973+0800][572.269s] GC(9) Pause Young (Normal) (G1 Evacuation Pause)
[2022-03-25T16:20:44.973+0800][572.269s] GC(9) Using 8 workers of 8 for evacuation
[2022-03-25T16:20:44.983+0800][572.278s] GC(9)   Pre Evacuate Collection Set: 0.0ms
[2022-03-25T16:20:44.983+0800][572.278s] GC(9)   Evacuate Collection Set: 6.9ms
[2022-03-25T16:20:44.983+0800][572.278s] GC(9)   Post Evacuate Collection Set: 2.4ms
[2022-03-25T16:20:44.983+0800][572.278s] GC(9)   Other: 0.4ms
[2022-03-25T16:20:44.983+0800][572.279s] GC(9) Eden regions: 187->0(288)
[2022-03-25T16:20:44.983+0800][572.279s] GC(9) Survivor regions: 11->19(25)
[2022-03-25T16:20:44.983+0800][572.279s] GC(9) Old regions: 20->20
[2022-03-25T16:20:44.983+0800][572.279s] GC(9) Humongous regions: 4->4
[2022-03-25T16:20:44.983+0800][572.279s] GC(9) Metaspace: 57683K->57683K(1101824K)
[2022-03-25T16:20:44.983+0800][572.279s] GC(9) Pause Young (Normal) (G1 Evacuation Pause) 220M->42M(512M) 9.851ms
[2022-03-25T16:20:44.983+0800][572.279s] GC(9) User=0.13s Sys=0.00s Real=0.01s
[2022-03-25T16:49:05.905+0800][2273.200s] GC(10) Pause Young (Normal) (G1 Evacuation Pause)
[2022-03-25T16:49:05.905+0800][2273.200s] GC(10) Using 8 workers of 8 for evacuation
[2022-03-25T16:49:05.919+0800][2273.215s] GC(10)   Pre Evacuate Collection Set: 0.0ms
[2022-03-25T16:49:05.919+0800][2273.215s] GC(10)   Evacuate Collection Set: 11.8ms
[2022-03-25T16:49:05.919+0800][2273.215s] GC(10)   Post Evacuate Collection Set: 1.8ms
[2022-03-25T16:49:05.919+0800][2273.215s] GC(10)   Other: 0.5ms
[2022-03-25T16:49:05.919+0800][2273.215s] GC(10) Eden regions: 288->0(284)
[2022-03-25T16:49:05.919+0800][2273.215s] GC(10) Survivor regions: 19->23(39)
[2022-03-25T16:49:05.919+0800][2273.215s] GC(10) Old regions: 20->20
[2022-03-25T16:49:05.919+0800][2273.215s] GC(10) Humongous regions: 7->7
[2022-03-25T16:49:05.919+0800][2273.215s] GC(10) Metaspace: 61369K->61369K(1103872K)
[2022-03-25T16:49:05.919+0800][2273.215s] GC(10) Pause Young (Normal) (G1 Evacuation Pause) 333M->49M(512M) 14.537ms
[2022-03-25T16:49:05.919+0800][2273.215s] GC(10) User=0.08s Sys=0.03s Real=0.01s
[2022-03-25T16:49:35.470+0800][2302.765s] GC(11) Pause Young (Normal) (G1 Evacuation Pause)
[2022-03-25T16:49:35.470+0800][2302.765s] GC(11) Using 8 workers of 8 for evacuation
[2022-03-25T16:49:35.479+0800][2302.775s] GC(11)   Pre Evacuate Collection Set: 0.0ms
[2022-03-25T16:49:35.479+0800][2302.775s] GC(11)   Evacuate Collection Set: 7.9ms
[2022-03-25T16:49:35.479+0800][2302.775s] GC(11)   Post Evacuate Collection Set: 1.2ms
[2022-03-25T16:49:35.479+0800][2302.775s] GC(11)   Other: 0.1ms
[2022-03-25T16:49:35.479+0800][2302.775s] GC(11) Eden regions: 284->0(297)
[2022-03-25T16:49:35.479+0800][2302.775s] GC(11) Survivor regions: 23->10(39)
[2022-03-25T16:49:35.479+0800][2302.775s] GC(11) Old regions: 20->30
[2022-03-25T16:49:35.479+0800][2302.775s] GC(11) Humongous regions: 7->7
[2022-03-25T16:49:35.479+0800][2302.775s] GC(11) Metaspace: 62798K->62798K(1105920K)
[2022-03-25T16:49:35.480+0800][2302.775s] GC(11) Pause Young (Normal) (G1 Evacuation Pause) 333M->45M(512M) 9.419ms
[2022-03-25T16:49:35.480+0800][2302.775s] GC(11) User=0.11s Sys=0.02s Real=0.01s
[2022-03-25T21:59:50.466+0800][20917.762s] GC(12) Pause Young (Normal) (G1 Evacuation Pause)
[2022-03-25T21:59:50.479+0800][20917.775s] GC(12) Using 8 workers of 8 for evacuation
[2022-03-25T21:59:50.509+0800][20917.805s] GC(12)   Pre Evacuate Collection Set: 1.8ms
[2022-03-25T21:59:50.509+0800][20917.805s] GC(12)   Evacuate Collection Set: 18.5ms
[2022-03-25T21:59:50.509+0800][20917.805s] GC(12)   Post Evacuate Collection Set: 7.5ms
[2022-03-25T21:59:50.509+0800][20917.805s] GC(12)   Other: 15.0ms
[2022-03-25T21:59:50.509+0800][20917.805s] GC(12) Eden regions: 297->0(286)
[2022-03-25T21:59:50.509+0800][20917.805s] GC(12) Survivor regions: 10->21(39)
[2022-03-25T21:59:50.509+0800][20917.805s] GC(12) Old regions: 30->30
[2022-03-25T21:59:50.509+0800][20917.805s] GC(12) Humongous regions: 7->7
[2022-03-25T21:59:50.509+0800][20917.805s] GC(12) Metaspace: 64314K->64314K(1107968K)
[2022-03-25T21:59:50.509+0800][20917.805s] GC(12) Pause Young (Normal) (G1 Evacuation Pause) 342M->56M(512M) 42.757ms
[2022-03-25T21:59:50.509+0800][20917.805s] GC(12) User=0.09s Sys=0.09s Real=0.04s
[2022-03-25T21:59:52.084+0800][20919.380s] GC(13) Pause Young (Normal) (G1 Evacuation Pause)
[2022-03-25T21:59:52.084+0800][20919.380s] GC(13) Using 8 workers of 8 for evacuation
[2022-03-25T21:59:52.095+0800][20919.391s] GC(13)   Pre Evacuate Collection Set: 0.1ms
[2022-03-25T21:59:52.095+0800][20919.391s] GC(13)   Evacuate Collection Set: 8.9ms
[2022-03-25T21:59:52.095+0800][20919.391s] GC(13)   Post Evacuate Collection Set: 1.7ms
[2022-03-25T21:59:52.095+0800][20919.391s] GC(13)   Other: 0.4ms
[2022-03-25T21:59:52.095+0800][20919.391s] GC(13) Eden regions: 286->0(287)
[2022-03-25T21:59:52.095+0800][20919.391s] GC(13) Survivor regions: 21->20(39)
[2022-03-25T21:59:52.095+0800][20919.391s] GC(13) Old regions: 30->32
[2022-03-25T21:59:52.095+0800][20919.391s] GC(13) Humongous regions: 8->8
[2022-03-25T21:59:52.095+0800][20919.391s] GC(13) Metaspace: 64354K->64354K(1107968K)
[2022-03-25T21:59:52.095+0800][20919.391s] GC(13) Pause Young (Normal) (G1 Evacuation Pause) 343M->59M(512M) 11.223ms
[2022-03-25T21:59:52.095+0800][20919.391s] GC(13) User=0.00s Sys=0.00s Real=0.01s
[2022-03-25T22:11:27.834+0800][21615.129s] Heap
[2022-03-25T22:11:27.834+0800][21615.129s]  garbage-first heap   total 524288K, used 139466K [0x00000000e0000000, 0x0000000100000000)
[2022-03-25T22:11:27.834+0800][21615.129s]   region size 1024K, 98 young (100352K), 20 survivors (20480K)
[2022-03-25T22:11:27.834+0800][21615.129s]  Metaspace       used 64735K, capacity 66153K, committed 66432K, reserved 1107968K
[2022-03-25T22:11:27.834+0800][21615.129s]   class space    used 7193K, capacity 7730K, committed 7808K, reserved 1048576K
