[2022-04-07T20:20:32.071+0800][0.116s] Heap region size: 1M
[2022-04-07T20:20:32.405+0800][0.448s] Using G1
[2022-04-07T20:20:32.405+0800][0.448s] Heap address: 0x00000000e0000000, size: 512 MB, Compressed Oops mode: 32-bit
[2022-04-07T20:20:36.694+0800][4.738s] GC(0) Pause Young (Normal) (G1 Evacuation Pause)
[2022-04-07T20:20:36.695+0800][4.739s] GC(0) Using 8 workers of 8 for evacuation
[2022-04-07T20:20:36.702+0800][4.746s] GC(0)   Pre Evacuate Collection Set: 0.1ms
[2022-04-07T20:20:36.702+0800][4.746s] GC(0)   Evacuate Collection Set: 3.7ms
[2022-04-07T20:20:36.702+0800][4.746s] GC(0)   Post Evacuate Collection Set: 0.9ms
[2022-04-07T20:20:36.702+0800][4.746s] GC(0)   Other: 3.5ms
[2022-04-07T20:20:36.702+0800][4.746s] GC(0) Eden regions: 30->0(303)
[2022-04-07T20:20:36.717+0800][4.760s] GC(0) Survivor regions: 0->4(4)
[2022-04-07T20:20:36.717+0800][4.761s] GC(0) Old regions: 0->0
[2022-04-07T20:20:36.717+0800][4.761s] GC(0) Humongous regions: 0->0
[2022-04-07T20:20:36.717+0800][4.761s] GC(0) Metaspace: 13443K->13443K(1060864K)
[2022-04-07T20:20:36.717+0800][4.761s] GC(0) Pause Young (Normal) (G1 Evacuation Pause) 30M->3M(512M) 22.507ms
[2022-04-07T20:20:36.717+0800][4.761s] GC(0) User=0.00s Sys=0.00s Real=0.02s
[2022-04-07T20:20:37.942+0800][5.986s] GC(1) Pause Young (Concurrent Start) (Metadata GC Threshold)
[2022-04-07T20:20:37.942+0800][5.986s] GC(1) Using 8 workers of 8 for evacuation
[2022-04-07T20:20:37.959+0800][6.003s] GC(1)   Pre Evacuate Collection Set: 0.0ms
[2022-04-07T20:20:37.959+0800][6.003s] GC(1)   Evacuate Collection Set: 15.7ms
[2022-04-07T20:20:37.959+0800][6.003s] GC(1)   Post Evacuate Collection Set: 0.7ms
[2022-04-07T20:20:37.959+0800][6.003s] GC(1)   Other: 0.7ms
[2022-04-07T20:20:37.959+0800][6.003s] GC(1) Eden regions: 24->0(295)
[2022-04-07T20:20:37.960+0800][6.003s] GC(1) Survivor regions: 4->12(39)
[2022-04-07T20:20:37.960+0800][6.003s] GC(1) Old regions: 0->0
[2022-04-07T20:20:37.960+0800][6.003s] GC(1) Humongous regions: 4->4
[2022-04-07T20:20:37.960+0800][6.003s] GC(1) Metaspace: 20687K->20687K(1069056K)
[2022-04-07T20:20:37.960+0800][6.003s] GC(1) Pause Young (Concurrent Start) (Metadata GC Threshold) 31M->15M(512M) 17.243ms
[2022-04-07T20:20:37.960+0800][6.003s] GC(1) User=0.13s Sys=0.00s Real=0.02s
[2022-04-07T20:20:37.960+0800][6.003s] GC(2) Concurrent Cycle
[2022-04-07T20:20:37.960+0800][6.004s] GC(2) Concurrent Clear Claimed Marks
[2022-04-07T20:20:37.960+0800][6.004s] GC(2) Concurrent Clear Claimed Marks 0.053ms
[2022-04-07T20:20:37.960+0800][6.004s] GC(2) Concurrent Scan Root Regions
[2022-04-07T20:20:37.965+0800][6.008s] GC(2) Concurrent Scan Root Regions 4.577ms
[2022-04-07T20:20:37.965+0800][6.008s] GC(2) Concurrent Mark (6.008s)
[2022-04-07T20:20:37.965+0800][6.008s] GC(2) Concurrent Mark From Roots
[2022-04-07T20:20:37.965+0800][6.008s] GC(2) Using 2 workers of 2 for marking
[2022-04-07T20:20:37.966+0800][6.009s] GC(2) Concurrent Mark From Roots 0.902ms
[2022-04-07T20:20:37.966+0800][6.009s] GC(2) Concurrent Preclean
[2022-04-07T20:20:37.966+0800][6.009s] GC(2) Concurrent Preclean 0.106ms
[2022-04-07T20:20:37.966+0800][6.009s] GC(2) Concurrent Mark (6.008s, 6.009s) 1.067ms
[2022-04-07T20:20:37.966+0800][6.010s] GC(2) Pause Remark
[2022-04-07T20:20:37.968+0800][6.012s] GC(2) Cleaned string and symbol table, strings: 9616 processed, 0 removed, symbols: 67528 processed, 20 removed
[2022-04-07T20:20:37.969+0800][6.012s] GC(2) Pause Remark 16M->16M(512M) 2.440ms
[2022-04-07T20:20:37.969+0800][6.012s] GC(2) User=0.00s Sys=0.00s Real=0.00s
[2022-04-07T20:20:37.969+0800][6.012s] GC(2) Concurrent Rebuild Remembered Sets
[2022-04-07T20:20:37.970+0800][6.014s] GC(2) Concurrent Rebuild Remembered Sets 1.411ms
[2022-04-07T20:20:37.971+0800][6.014s] GC(2) Pause Cleanup
[2022-04-07T20:20:37.971+0800][6.015s] GC(2) Pause Cleanup 16M->16M(512M) 0.177ms
[2022-04-07T20:20:37.971+0800][6.015s] GC(2) User=0.00s Sys=0.00s Real=0.00s
[2022-04-07T20:20:37.971+0800][6.015s] GC(2) Concurrent Cleanup for Next Mark
[2022-04-07T20:20:37.972+0800][6.015s] GC(2) Concurrent Cleanup for Next Mark 0.750ms
[2022-04-07T20:20:37.982+0800][6.027s] GC(2) Concurrent Cycle 23.150ms
[2022-04-07T20:20:41.202+0800][9.246s] GC(3) Pause Young (Concurrent Start) (Metadata GC Threshold)
[2022-04-07T20:20:41.202+0800][9.246s] GC(3) Using 8 workers of 8 for evacuation
[2022-04-07T20:20:41.216+0800][9.260s] GC(3)   Pre Evacuate Collection Set: 0.0ms
[2022-04-07T20:20:41.216+0800][9.260s] GC(3)   Evacuate Collection Set: 11.6ms
[2022-04-07T20:20:41.216+0800][9.260s] GC(3)   Post Evacuate Collection Set: 1.6ms
[2022-04-07T20:20:41.216+0800][9.260s] GC(3)   Other: 0.2ms
[2022-04-07T20:20:41.216+0800][9.260s] GC(3) Eden regions: 118->0(123)
[2022-04-07T20:20:41.216+0800][9.260s] GC(3) Survivor regions: 12->21(39)
[2022-04-07T20:20:41.216+0800][9.260s] GC(3) Old regions: 0->0
[2022-04-07T20:20:41.216+0800][9.260s] GC(3) Humongous regions: 4->4
[2022-04-07T20:20:41.216+0800][9.260s] GC(3) Metaspace: 34796K->34796K(1081344K)
[2022-04-07T20:20:41.216+0800][9.260s] GC(3) Pause Young (Concurrent Start) (Metadata GC Threshold) 133M->25M(512M) 13.718ms
[2022-04-07T20:20:41.216+0800][9.260s] GC(3) User=0.03s Sys=0.00s Real=0.01s
[2022-04-07T20:20:41.216+0800][9.260s] GC(4) Concurrent Cycle
[2022-04-07T20:20:41.216+0800][9.260s] GC(4) Concurrent Clear Claimed Marks
[2022-04-07T20:20:41.216+0800][9.260s] GC(4) Concurrent Clear Claimed Marks 0.051ms
[2022-04-07T20:20:41.216+0800][9.260s] GC(4) Concurrent Scan Root Regions
[2022-04-07T20:20:41.222+0800][9.266s] GC(4) Concurrent Scan Root Regions 5.783ms
[2022-04-07T20:20:41.222+0800][9.266s] GC(4) Concurrent Mark (9.266s)
[2022-04-07T20:20:41.222+0800][9.266s] GC(4) Concurrent Mark From Roots
[2022-04-07T20:20:41.222+0800][9.266s] GC(4) Using 2 workers of 2 for marking
[2022-04-07T20:20:41.225+0800][9.269s] GC(4) Concurrent Mark From Roots 2.486ms
[2022-04-07T20:20:41.225+0800][9.269s] GC(4) Concurrent Preclean
[2022-04-07T20:20:41.225+0800][9.269s] GC(4) Concurrent Preclean 0.138ms
[2022-04-07T20:20:41.225+0800][9.269s] GC(4) Concurrent Mark (9.266s, 9.269s) 2.726ms
[2022-04-07T20:20:41.225+0800][9.269s] GC(4) Pause Remark
[2022-04-07T20:20:41.227+0800][9.272s] GC(4) Cleaned string and symbol table, strings: 15319 processed, 0 removed, symbols: 112685 processed, 41 removed
[2022-04-07T20:20:41.228+0800][9.272s] GC(4) Pause Remark 26M->26M(512M) 2.755ms
[2022-04-07T20:20:41.228+0800][9.272s] GC(4) User=0.00s Sys=0.00s Real=0.00s
[2022-04-07T20:20:41.228+0800][9.272s] GC(4) Concurrent Rebuild Remembered Sets
[2022-04-07T20:20:41.230+0800][9.274s] GC(4) Concurrent Rebuild Remembered Sets 1.961ms
[2022-04-07T20:20:41.230+0800][9.274s] GC(4) Pause Cleanup
[2022-04-07T20:20:41.230+0800][9.274s] GC(4) Pause Cleanup 26M->26M(512M) 0.154ms
[2022-04-07T20:20:41.230+0800][9.274s] GC(4) User=0.00s Sys=0.00s Real=0.00s
[2022-04-07T20:20:41.230+0800][9.274s] GC(4) Concurrent Cleanup for Next Mark
[2022-04-07T20:20:41.232+0800][9.276s] GC(4) Concurrent Cleanup for Next Mark 1.332ms
[2022-04-07T20:20:41.232+0800][9.276s] GC(4) Concurrent Cycle 15.591ms
[2022-04-07T20:20:43.858+0800][11.902s] GC(5) Pause Young (Normal) (G1 Evacuation Pause)
[2022-04-07T20:20:43.858+0800][11.902s] GC(5) Using 8 workers of 8 for evacuation
[2022-04-07T20:20:43.876+0800][11.920s] GC(5)   Pre Evacuate Collection Set: 0.0ms
[2022-04-07T20:20:43.876+0800][11.920s] GC(5)   Evacuate Collection Set: 16.3ms
[2022-04-07T20:20:43.876+0800][11.920s] GC(5)   Post Evacuate Collection Set: 1.7ms
[2022-04-07T20:20:43.876+0800][11.920s] GC(5)   Other: 0.3ms
[2022-04-07T20:20:43.876+0800][11.920s] GC(5) Eden regions: 121->0(144)
[2022-04-07T20:20:43.876+0800][11.920s] GC(5) Survivor regions: 21->18(18)
[2022-04-07T20:20:43.876+0800][11.920s] GC(5) Old regions: 0->12
[2022-04-07T20:20:43.876+0800][11.920s] GC(5) Humongous regions: 5->4
[2022-04-07T20:20:43.876+0800][11.920s] GC(5) Metaspace: 48182K->48182K(1093632K)
[2022-04-07T20:20:43.876+0800][11.920s] GC(5) Pause Young (Normal) (G1 Evacuation Pause) 147M->33M(512M) 18.488ms
[2022-04-07T20:20:43.876+0800][11.920s] GC(5) User=0.11s Sys=0.00s Real=0.02s
[2022-04-07T20:20:46.265+0800][14.309s] GC(6) Pause Young (Normal) (G1 Evacuation Pause)
[2022-04-07T20:20:46.265+0800][14.309s] GC(6) Using 8 workers of 8 for evacuation
[2022-04-07T20:20:46.278+0800][14.321s] GC(6)   Pre Evacuate Collection Set: 0.0ms
[2022-04-07T20:20:46.278+0800][14.321s] GC(6)   Evacuate Collection Set: 11.1ms
[2022-04-07T20:20:46.278+0800][14.321s] GC(6)   Post Evacuate Collection Set: 1.1ms
[2022-04-07T20:20:46.278+0800][14.321s] GC(6)   Other: 0.2ms
[2022-04-07T20:20:46.278+0800][14.321s] GC(6) Eden regions: 144->0(249)
[2022-04-07T20:20:46.278+0800][14.321s] GC(6) Survivor regions: 18->14(21)
[2022-04-07T20:20:46.278+0800][14.321s] GC(6) Old regions: 12->21
[2022-04-07T20:20:46.278+0800][14.321s] GC(6) Humongous regions: 4->4
[2022-04-07T20:20:46.278+0800][14.321s] GC(6) Metaspace: 56829K->56829K(1099776K)
[2022-04-07T20:20:46.278+0800][14.321s] GC(6) Pause Young (Normal) (G1 Evacuation Pause) 177M->38M(512M) 12.566ms
[2022-04-07T20:20:46.278+0800][14.321s] GC(6) User=0.11s Sys=0.02s Real=0.01s
[2022-04-07T20:21:42.095+0800][70.139s] GC(7) Pause Young (Concurrent Start) (Metadata GC Threshold)
[2022-04-07T20:21:42.095+0800][70.139s] GC(7) Using 8 workers of 8 for evacuation
[2022-04-07T20:21:42.105+0800][70.149s] GC(7)   Pre Evacuate Collection Set: 0.1ms
[2022-04-07T20:21:42.105+0800][70.150s] GC(7)   Evacuate Collection Set: 9.4ms
[2022-04-07T20:21:42.105+0800][70.150s] GC(7)   Post Evacuate Collection Set: 0.9ms
[2022-04-07T20:21:42.105+0800][70.150s] GC(7)   Other: 0.2ms
[2022-04-07T20:21:42.105+0800][70.150s] GC(7) Eden regions: 22->0(244)
[2022-04-07T20:21:42.105+0800][70.150s] GC(7) Survivor regions: 14->15(33)
[2022-04-07T20:21:42.105+0800][70.150s] GC(7) Old regions: 21->21
[2022-04-07T20:21:42.105+0800][70.150s] GC(7) Humongous regions: 8->5
[2022-04-07T20:21:42.105+0800][70.150s] GC(7) Metaspace: 58418K->58418K(1101824K)
[2022-04-07T20:21:42.106+0800][70.150s] GC(7) Pause Young (Concurrent Start) (Metadata GC Threshold) 64M->40M(512M) 10.838ms
[2022-04-07T20:21:42.106+0800][70.150s] GC(7) User=0.02s Sys=0.00s Real=0.01s
[2022-04-07T20:21:42.106+0800][70.150s] GC(8) Concurrent Cycle
[2022-04-07T20:21:42.106+0800][70.150s] GC(8) Concurrent Clear Claimed Marks
[2022-04-07T20:21:42.106+0800][70.150s] GC(8) Concurrent Clear Claimed Marks 0.079ms
[2022-04-07T20:21:42.106+0800][70.150s] GC(8) Concurrent Scan Root Regions
[2022-04-07T20:21:42.110+0800][70.155s] GC(8) Concurrent Scan Root Regions 4.674ms
[2022-04-07T20:21:42.110+0800][70.155s] GC(8) Concurrent Mark (70.155s)
[2022-04-07T20:21:42.110+0800][70.155s] GC(8) Concurrent Mark From Roots
[2022-04-07T20:21:42.110+0800][70.155s] GC(8) Using 2 workers of 2 for marking
[2022-04-07T20:21:42.134+0800][70.178s] GC(8) Concurrent Mark From Roots 23.497ms
[2022-04-07T20:21:42.134+0800][70.178s] GC(8) Concurrent Preclean
[2022-04-07T20:21:42.134+0800][70.178s] GC(8) Concurrent Preclean 0.234ms
[2022-04-07T20:21:42.134+0800][70.178s] GC(8) Concurrent Mark (70.155s, 70.178s) 23.822ms
[2022-04-07T20:21:42.134+0800][70.179s] GC(8) Pause Remark
[2022-04-07T20:21:42.141+0800][70.185s] GC(8) Cleaned string and symbol table, strings: 27441 processed, 34 removed, symbols: 176827 processed, 575 removed
[2022-04-07T20:21:42.142+0800][70.186s] GC(8) Pause Remark 41M->41M(512M) 7.140ms
[2022-04-07T20:21:42.142+0800][70.186s] GC(8) User=0.00s Sys=0.00s Real=0.01s
[2022-04-07T20:21:42.142+0800][70.186s] GC(8) Concurrent Rebuild Remembered Sets
[2022-04-07T20:21:42.152+0800][70.196s] GC(8) Concurrent Rebuild Remembered Sets 10.387ms
[2022-04-07T20:21:42.152+0800][70.196s] GC(8) Pause Cleanup
[2022-04-07T20:21:42.152+0800][70.196s] GC(8) Pause Cleanup 42M->42M(512M) 0.092ms
[2022-04-07T20:21:42.152+0800][70.196s] GC(8) User=0.00s Sys=0.00s Real=0.00s
[2022-04-07T20:21:42.152+0800][70.196s] GC(8) Concurrent Cleanup for Next Mark
[2022-04-07T20:21:42.153+0800][70.197s] GC(8) Concurrent Cleanup for Next Mark 0.636ms
[2022-04-07T20:21:42.153+0800][70.197s] GC(8) Concurrent Cycle 47.364ms
[2022-04-08T02:21:02.796+0800][21630.839s] Heap
[2022-04-08T02:21:02.818+0800][21630.861s]  garbage-first heap   total 524288K, used 220677K [0x00000000e0000000, 0x0000000100000000)
[2022-04-08T02:21:02.818+0800][21630.861s]   region size 1024K, 188 young (192512K), 15 survivors (15360K)
[2022-04-08T02:21:02.818+0800][21630.861s]  Metaspace       used 60864K, capacity 62126K, committed 62256K, reserved 1103872K
[2022-04-08T02:21:02.818+0800][21630.861s]   class space    used 6948K, capacity 7460K, committed 7552K, reserved 1048576K
