[2022-04-09T16:29:16.190+0800][0.128s] Heap region size: 1M
[2022-04-09T16:29:16.522+0800][0.460s] Using G1
[2022-04-09T16:29:16.522+0800][0.461s] Heap address: 0x00000000e0000000, size: 512 MB, Compressed Oops mode: 32-bit
[2022-04-09T16:29:22.157+0800][6.096s] GC(0) Pause Young (Normal) (G1 Evacuation Pause)
[2022-04-09T16:29:22.158+0800][6.096s] GC(0) Using 8 workers of 8 for evacuation
[2022-04-09T16:29:22.164+0800][6.103s] GC(0)   Pre Evacuate Collection Set: 0.0ms
[2022-04-09T16:29:22.164+0800][6.103s] GC(0)   Evacuate Collection Set: 4.3ms
[2022-04-09T16:29:22.164+0800][6.103s] GC(0)   Post Evacuate Collection Set: 0.9ms
[2022-04-09T16:29:22.165+0800][6.103s] GC(0)   Other: 2.8ms
[2022-04-09T16:29:22.165+0800][6.103s] GC(0) Eden regions: 30->0(304)
[2022-04-09T16:29:22.167+0800][6.105s] GC(0) Survivor regions: 0->3(4)
[2022-04-09T16:29:22.167+0800][6.105s] GC(0) Old regions: 0->0
[2022-04-09T16:29:22.167+0800][6.105s] GC(0) Humongous regions: 0->0
[2022-04-09T16:29:22.167+0800][6.105s] GC(0) Metaspace: 13374K->13374K(1060864K)
[2022-04-09T16:29:22.167+0800][6.105s] GC(0) Pause Young (Normal) (G1 Evacuation Pause) 30M->2M(512M) 9.605ms
[2022-04-09T16:29:22.167+0800][6.105s] GC(0) User=0.09s Sys=0.00s Real=0.01s
[2022-04-09T16:29:23.386+0800][7.324s] GC(1) Pause Young (Concurrent Start) (Metadata GC Threshold)
[2022-04-09T16:29:23.386+0800][7.324s] GC(1) Using 8 workers of 8 for evacuation
[2022-04-09T16:29:23.407+0800][7.345s] GC(1)   Pre Evacuate Collection Set: 0.0ms
[2022-04-09T16:29:23.407+0800][7.345s] GC(1)   Evacuate Collection Set: 19.4ms
[2022-04-09T16:29:23.407+0800][7.345s] GC(1)   Post Evacuate Collection Set: 1.0ms
[2022-04-09T16:29:23.407+0800][7.345s] GC(1)   Other: 0.7ms
[2022-04-09T16:29:23.407+0800][7.346s] GC(1) Eden regions: 25->0(61)
[2022-04-09T16:29:23.407+0800][7.346s] GC(1) Survivor regions: 3->12(39)
[2022-04-09T16:29:23.407+0800][7.346s] GC(1) Old regions: 0->0
[2022-04-09T16:29:23.408+0800][7.346s] GC(1) Humongous regions: 4->4
[2022-04-09T16:29:23.408+0800][7.346s] GC(1) Metaspace: 20669K->20669K(1069056K)
[2022-04-09T16:29:23.408+0800][7.346s] GC(1) Pause Young (Concurrent Start) (Metadata GC Threshold) 31M->15M(512M) 21.489ms
[2022-04-09T16:29:23.408+0800][7.346s] GC(1) User=0.02s Sys=0.00s Real=0.02s
[2022-04-09T16:29:23.408+0800][7.346s] GC(2) Concurrent Cycle
[2022-04-09T16:29:23.408+0800][7.346s] GC(2) Concurrent Clear Claimed Marks
[2022-04-09T16:29:23.408+0800][7.346s] GC(2) Concurrent Clear Claimed Marks 0.061ms
[2022-04-09T16:29:23.408+0800][7.346s] GC(2) Concurrent Scan Root Regions
[2022-04-09T16:29:23.416+0800][7.355s] GC(2) Concurrent Scan Root Regions 8.358ms
[2022-04-09T16:29:23.416+0800][7.355s] GC(2) Concurrent Mark (7.355s)
[2022-04-09T16:29:23.416+0800][7.355s] GC(2) Concurrent Mark From Roots
[2022-04-09T16:29:23.416+0800][7.355s] GC(2) Using 2 workers of 2 for marking
[2022-04-09T16:29:23.418+0800][7.357s] GC(2) Concurrent Mark From Roots 2.368ms
[2022-04-09T16:29:23.418+0800][7.357s] GC(2) Concurrent Preclean
[2022-04-09T16:29:23.419+0800][7.357s] GC(2) Concurrent Preclean 0.233ms
[2022-04-09T16:29:23.419+0800][7.357s] GC(2) Concurrent Mark (7.355s, 7.357s) 2.751ms
[2022-04-09T16:29:23.419+0800][7.358s] GC(2) Pause Remark
[2022-04-09T16:29:23.422+0800][7.360s] GC(2) Cleaned string and symbol table, strings: 9632 processed, 0 removed, symbols: 67537 processed, 20 removed
[2022-04-09T16:29:23.422+0800][7.361s] GC(2) Pause Remark 16M->16M(512M) 2.626ms
[2022-04-09T16:29:23.422+0800][7.361s] GC(2) User=0.00s Sys=0.00s Real=0.00s
[2022-04-09T16:29:23.422+0800][7.361s] GC(2) Concurrent Rebuild Remembered Sets
[2022-04-09T16:29:23.426+0800][7.365s] GC(2) Concurrent Rebuild Remembered Sets 3.861ms
[2022-04-09T16:29:23.426+0800][7.365s] GC(2) Pause Cleanup
[2022-04-09T16:29:23.426+0800][7.365s] GC(2) Pause Cleanup 16M->16M(512M) 0.225ms
[2022-04-09T16:29:23.427+0800][7.365s] GC(2) User=0.00s Sys=0.00s Real=0.00s
[2022-04-09T16:29:23.427+0800][7.365s] GC(2) Concurrent Cleanup for Next Mark
[2022-04-09T16:29:23.428+0800][7.366s] GC(2) Concurrent Cleanup for Next Mark 1.075ms
[2022-04-09T16:29:23.428+0800][7.366s] GC(2) Concurrent Cycle 20.282ms
[2022-04-09T16:29:26.007+0800][9.947s] GC(3) Pause Young (Normal) (G1 Evacuation Pause)
[2022-04-09T16:29:26.007+0800][9.947s] GC(3) Using 8 workers of 8 for evacuation
[2022-04-09T16:29:26.030+0800][9.968s] GC(3)   Pre Evacuate Collection Set: 0.0ms
[2022-04-09T16:29:26.030+0800][9.968s] GC(3)   Evacuate Collection Set: 19.5ms
[2022-04-09T16:29:26.030+0800][9.968s] GC(3)   Post Evacuate Collection Set: 1.3ms
[2022-04-09T16:29:26.030+0800][9.968s] GC(3)   Other: 0.3ms
[2022-04-09T16:29:26.030+0800][9.968s] GC(3) Eden regions: 41->0(63)
[2022-04-09T16:29:26.030+0800][9.968s] GC(3) Survivor regions: 12->7(7)
[2022-04-09T16:29:26.030+0800][9.969s] GC(3) Old regions: 0->13
[2022-04-09T16:29:26.030+0800][9.969s] GC(3) Humongous regions: 4->4
[2022-04-09T16:29:26.030+0800][9.969s] GC(3) Metaspace: 24962K->24962K(1073152K)
[2022-04-09T16:29:26.030+0800][9.969s] GC(3) Pause Young (Normal) (G1 Evacuation Pause) 56M->23M(512M) 21.476ms
[2022-04-09T16:29:26.030+0800][9.969s] GC(3) User=0.13s Sys=0.00s Real=0.02s
[2022-04-09T16:29:27.993+0800][11.931s] GC(4) Pause Young (Normal) (G1 Evacuation Pause)
[2022-04-09T16:29:27.994+0800][11.931s] GC(4) Using 8 workers of 8 for evacuation
[2022-04-09T16:29:27.997+0800][11.935s] GC(4)   Pre Evacuate Collection Set: 0.0ms
[2022-04-09T16:29:27.997+0800][11.935s] GC(4)   Evacuate Collection Set: 2.8ms
[2022-04-09T16:29:27.997+0800][11.935s] GC(4)   Post Evacuate Collection Set: 0.6ms
[2022-04-09T16:29:27.997+0800][11.935s] GC(4)   Other: 0.3ms
[2022-04-09T16:29:27.997+0800][11.935s] GC(4) Eden regions: 63->0(104)
[2022-04-09T16:29:27.997+0800][11.935s] GC(4) Survivor regions: 7->2(9)
[2022-04-09T16:29:27.997+0800][11.935s] GC(4) Old regions: 13->20
[2022-04-09T16:29:27.998+0800][11.935s] GC(4) Humongous regions: 4->4
[2022-04-09T16:29:27.998+0800][11.935s] GC(4) Metaspace: 32533K->32533K(1079296K)
[2022-04-09T16:29:27.998+0800][11.936s] GC(4) Pause Young (Normal) (G1 Evacuation Pause) 86M->25M(512M) 4.113ms
[2022-04-09T16:29:27.998+0800][11.936s] GC(4) User=0.00s Sys=0.00s Real=0.00s
[2022-04-09T16:29:29.176+0800][13.115s] GC(5) Pause Young (Concurrent Start) (Metadata GC Threshold)
[2022-04-09T16:29:29.176+0800][13.115s] GC(5) Using 8 workers of 8 for evacuation
[2022-04-09T16:29:29.184+0800][13.122s] GC(5)   Pre Evacuate Collection Set: 0.1ms
[2022-04-09T16:29:29.184+0800][13.122s] GC(5)   Evacuate Collection Set: 6.7ms
[2022-04-09T16:29:29.184+0800][13.122s] GC(5)   Post Evacuate Collection Set: 0.4ms
[2022-04-09T16:29:29.184+0800][13.122s] GC(5)   Other: 0.3ms
[2022-04-09T16:29:29.184+0800][13.122s] GC(5) Eden regions: 13->0(109)
[2022-04-09T16:29:29.184+0800][13.123s] GC(5) Survivor regions: 2->2(14)
[2022-04-09T16:29:29.184+0800][13.123s] GC(5) Old regions: 20->20
[2022-04-09T16:29:29.184+0800][13.123s] GC(5) Humongous regions: 4->4
[2022-04-09T16:29:29.184+0800][13.123s] GC(5) Metaspace: 34796K->34796K(1081344K)
[2022-04-09T16:29:29.184+0800][13.123s] GC(5) Pause Young (Concurrent Start) (Metadata GC Threshold) 37M->25M(512M) 7.997ms
[2022-04-09T16:29:29.185+0800][13.123s] GC(5) User=0.00s Sys=0.00s Real=0.01s
[2022-04-09T16:29:29.185+0800][13.123s] GC(6) Concurrent Cycle
[2022-04-09T16:29:29.185+0800][13.123s] GC(6) Concurrent Clear Claimed Marks
[2022-04-09T16:29:29.185+0800][13.123s] GC(6) Concurrent Clear Claimed Marks 0.075ms
[2022-04-09T16:29:29.185+0800][13.123s] GC(6) Concurrent Scan Root Regions
[2022-04-09T16:29:29.187+0800][13.125s] GC(6) Concurrent Scan Root Regions 2.283ms
[2022-04-09T16:29:29.187+0800][13.125s] GC(6) Concurrent Mark (13.125s)
[2022-04-09T16:29:29.187+0800][13.125s] GC(6) Concurrent Mark From Roots
[2022-04-09T16:29:29.187+0800][13.125s] GC(6) Using 2 workers of 2 for marking
[2022-04-09T16:29:29.220+0800][13.159s] GC(6) Concurrent Mark From Roots 33.504ms
[2022-04-09T16:29:29.220+0800][13.159s] GC(6) Concurrent Preclean
[2022-04-09T16:29:29.221+0800][13.159s] GC(6) Concurrent Preclean 0.318ms
[2022-04-09T16:29:29.221+0800][13.159s] GC(6) Concurrent Mark (13.125s, 13.159s) 34.075ms
[2022-04-09T16:29:29.221+0800][13.160s] GC(6) Pause Remark
[2022-04-09T16:29:29.224+0800][13.163s] GC(6) Cleaned string and symbol table, strings: 15808 processed, 26 removed, symbols: 112717 processed, 41 removed
[2022-04-09T16:29:29.225+0800][13.163s] GC(6) Pause Remark 26M->26M(512M) 3.462ms
[2022-04-09T16:29:29.225+0800][13.163s] GC(6) User=0.11s Sys=0.00s Real=0.00s
[2022-04-09T16:29:29.225+0800][13.163s] GC(6) Concurrent Rebuild Remembered Sets
[2022-04-09T16:29:29.241+0800][13.180s] GC(6) Concurrent Rebuild Remembered Sets 16.513ms
[2022-04-09T16:29:29.241+0800][13.180s] GC(6) Pause Cleanup
[2022-04-09T16:29:29.242+0800][13.180s] GC(6) Pause Cleanup 26M->26M(512M) 0.194ms
[2022-04-09T16:29:29.242+0800][13.180s] GC(6) User=0.00s Sys=0.00s Real=0.00s
[2022-04-09T16:29:29.242+0800][13.180s] GC(6) Concurrent Cleanup for Next Mark
[2022-04-09T16:29:29.242+0800][13.181s] GC(6) Concurrent Cleanup for Next Mark 0.661ms
[2022-04-09T16:29:29.242+0800][13.181s] GC(6) Concurrent Cycle 58.329ms
[2022-04-09T16:29:36.455+0800][20.393s] GC(7) Pause Young (Normal) (G1 Evacuation Pause)
[2022-04-09T16:29:36.455+0800][20.393s] GC(7) Using 8 workers of 8 for evacuation
[2022-04-09T16:29:36.465+0800][20.403s] GC(7)   Pre Evacuate Collection Set: 0.1ms
[2022-04-09T16:29:36.465+0800][20.403s] GC(7)   Evacuate Collection Set: 8.5ms
[2022-04-09T16:29:36.465+0800][20.403s] GC(7)   Post Evacuate Collection Set: 1.0ms
[2022-04-09T16:29:36.465+0800][20.403s] GC(7)   Other: 0.4ms
[2022-04-09T16:29:36.465+0800][20.403s] GC(7) Eden regions: 113->0(172)
[2022-04-09T16:29:36.465+0800][20.403s] GC(7) Survivor regions: 2->9(15)
[2022-04-09T16:29:36.465+0800][20.403s] GC(7) Old regions: 20->20
[2022-04-09T16:29:36.465+0800][20.403s] GC(7) Humongous regions: 5->4
[2022-04-09T16:29:36.465+0800][20.403s] GC(7) Metaspace: 47480K->47480K(1091584K)
[2022-04-09T16:29:36.465+0800][20.404s] GC(7) Pause Young (Normal) (G1 Evacuation Pause) 139M->31M(512M) 10.518ms
[2022-04-09T16:29:36.465+0800][20.404s] GC(7) User=0.13s Sys=0.00s Real=0.01s
[2022-04-09T16:30:56.603+0800][100.541s] GC(8) Pause Young (Normal) (G1 Evacuation Pause)
[2022-04-09T16:30:56.603+0800][100.541s] GC(8) Using 8 workers of 8 for evacuation
[2022-04-09T16:30:56.622+0800][100.561s] GC(8)   Pre Evacuate Collection Set: 0.0ms
[2022-04-09T16:30:56.622+0800][100.561s] GC(8)   Evacuate Collection Set: 18.0ms
[2022-04-09T16:30:56.622+0800][100.561s] GC(8)   Post Evacuate Collection Set: 1.4ms
[2022-04-09T16:30:56.622+0800][100.561s] GC(8)   Other: 0.5ms
[2022-04-09T16:30:56.622+0800][100.561s] GC(8) Eden regions: 172->0(291)
[2022-04-09T16:30:56.622+0800][100.561s] GC(8) Survivor regions: 9->16(23)
[2022-04-09T16:30:56.622+0800][100.561s] GC(8) Old regions: 20->20
[2022-04-09T16:30:56.622+0800][100.561s] GC(8) Humongous regions: 4->4
[2022-04-09T16:30:56.622+0800][100.561s] GC(8) Metaspace: 58142K->58142K(1101824K)
[2022-04-09T16:30:56.622+0800][100.561s] GC(8) Pause Young (Normal) (G1 Evacuation Pause) 203M->39M(512M) 20.446ms
[2022-04-09T16:30:56.623+0800][100.561s] GC(8) User=0.09s Sys=0.00s Real=0.02s
[2022-04-09T16:30:56.730+0800][100.668s] GC(9) Pause Young (Concurrent Start) (Metadata GC Threshold)
[2022-04-09T16:30:56.730+0800][100.668s] GC(9) Using 8 workers of 8 for evacuation
[2022-04-09T16:30:56.744+0800][100.683s] GC(9)   Pre Evacuate Collection Set: 0.1ms
[2022-04-09T16:30:56.744+0800][100.683s] GC(9)   Evacuate Collection Set: 13.2ms
[2022-04-09T16:30:56.744+0800][100.683s] GC(9)   Post Evacuate Collection Set: 0.7ms
[2022-04-09T16:30:56.745+0800][100.683s] GC(9)   Other: 0.3ms
[2022-04-09T16:30:56.745+0800][100.683s] GC(9) Eden regions: 3->0(291)
[2022-04-09T16:30:56.745+0800][100.683s] GC(9) Survivor regions: 16->16(39)
[2022-04-09T16:30:56.745+0800][100.683s] GC(9) Old regions: 20->20
[2022-04-09T16:30:56.745+0800][100.683s] GC(9) Humongous regions: 4->4
[2022-04-09T16:30:56.745+0800][100.683s] GC(9) Metaspace: 58465K->58465K(1101824K)
[2022-04-09T16:30:56.745+0800][100.683s] GC(9) Pause Young (Concurrent Start) (Metadata GC Threshold) 41M->39M(512M) 14.700ms
[2022-04-09T16:30:56.745+0800][100.683s] GC(9) User=0.09s Sys=0.00s Real=0.01s
[2022-04-09T16:30:56.745+0800][100.683s] GC(10) Concurrent Cycle
[2022-04-09T16:30:56.745+0800][100.683s] GC(10) Concurrent Clear Claimed Marks
[2022-04-09T16:30:56.745+0800][100.683s] GC(10) Concurrent Clear Claimed Marks 0.100ms
[2022-04-09T16:30:56.745+0800][100.683s] GC(10) Concurrent Scan Root Regions
[2022-04-09T16:30:56.755+0800][100.693s] GC(10) Concurrent Scan Root Regions 9.513ms
[2022-04-09T16:30:56.755+0800][100.693s] GC(10) Concurrent Mark (100.693s)
[2022-04-09T16:30:56.755+0800][100.693s] GC(10) Concurrent Mark From Roots
[2022-04-09T16:30:56.755+0800][100.693s] GC(10) Using 2 workers of 2 for marking
[2022-04-09T16:30:56.785+0800][100.723s] GC(10) Concurrent Mark From Roots 30.398ms
[2022-04-09T16:30:56.785+0800][100.724s] GC(10) Concurrent Preclean
[2022-04-09T16:30:56.786+0800][100.724s] GC(10) Concurrent Preclean 0.335ms
[2022-04-09T16:30:56.786+0800][100.724s] GC(10) Concurrent Mark (100.693s, 100.724s) 30.929ms
[2022-04-09T16:30:56.809+0800][100.748s] GC(10) Pause Remark
[2022-04-09T16:30:56.813+0800][100.752s] GC(10) Cleaned string and symbol table, strings: 27475 processed, 1 removed, symbols: 176963 processed, 622 removed
[2022-04-09T16:30:56.814+0800][100.753s] GC(10) Pause Remark 40M->40M(512M) 5.093ms
[2022-04-09T16:30:56.814+0800][100.753s] GC(10) User=0.00s Sys=0.00s Real=0.00s
[2022-04-09T16:30:56.814+0800][100.753s] GC(10) Concurrent Rebuild Remembered Sets
[2022-04-09T16:30:56.831+0800][100.770s] GC(10) Concurrent Rebuild Remembered Sets 16.836ms
[2022-04-09T16:30:56.831+0800][100.770s] GC(10) Pause Cleanup
[2022-04-09T16:30:56.831+0800][100.770s] GC(10) Pause Cleanup 40M->40M(512M) 0.142ms
[2022-04-09T16:30:56.831+0800][100.770s] GC(10) User=0.00s Sys=0.00s Real=0.00s
[2022-04-09T16:30:56.831+0800][100.770s] GC(10) Concurrent Cleanup for Next Mark
[2022-04-09T16:30:56.832+0800][100.771s] GC(10) Concurrent Cleanup for Next Mark 0.827ms
[2022-04-09T16:30:56.832+0800][100.771s] GC(10) Concurrent Cycle 87.792ms
[2022-04-09T17:07:00.324+0800][2264.262s] Heap
[2022-04-09T17:07:00.324+0800][2264.263s]  garbage-first heap   total 524288K, used 309791K [0x00000000e0000000, 0x0000000100000000)
[2022-04-09T17:07:00.324+0800][2264.263s]   region size 1024K, 278 young (284672K), 16 survivors (16384K)
[2022-04-09T17:07:00.324+0800][2264.263s]  Metaspace       used 61643K, capacity 62919K, committed 63100K, reserved 1105920K
[2022-04-09T17:07:00.324+0800][2264.263s]   class space    used 7045K, capacity 7596K, committed 7680K, reserved 1048576K
