[2022-03-27T12:56:48.486+0800][0.067s] Heap region size: 1M
[2022-03-27T12:56:48.841+0800][0.421s] Using G1
[2022-03-27T12:56:48.841+0800][0.421s] Heap address: 0x00000000e0000000, size: 512 MB, Compressed Oops mode: 32-bit
[2022-03-27T12:56:55.158+0800][6.739s] GC(0) Pause Young (Normal) (G1 Evacuation Pause)
[2022-03-27T12:56:55.158+0800][6.739s] GC(0) Using 8 workers of 8 for evacuation
[2022-03-27T12:56:55.164+0800][6.745s] GC(0)   Pre Evacuate Collection Set: 0.0ms
[2022-03-27T12:56:55.164+0800][6.745s] GC(0)   Evacuate Collection Set: 3.5ms
[2022-03-27T12:56:55.165+0800][6.745s] GC(0)   Post Evacuate Collection Set: 0.9ms
[2022-03-27T12:56:55.165+0800][6.745s] GC(0)   Other: 2.9ms
[2022-03-27T12:56:55.165+0800][6.745s] GC(0) Eden regions: 30->0(304)
[2022-03-27T12:56:55.181+0800][6.762s] GC(0) Survivor regions: 0->3(4)
[2022-03-27T12:56:55.181+0800][6.762s] GC(0) Old regions: 0->0
[2022-03-27T12:56:55.181+0800][6.762s] GC(0) Humongous regions: 0->0
[2022-03-27T12:56:55.181+0800][6.762s] GC(0) Metaspace: 13393K->13393K(1060864K)
[2022-03-27T12:56:55.181+0800][6.762s] GC(0) Pause Young (Normal) (G1 Evacuation Pause) 30M->2M(512M) 23.508ms
[2022-03-27T12:56:55.182+0800][6.762s] GC(0) User=0.00s Sys=0.00s Real=0.02s
[2022-03-27T12:56:56.231+0800][7.812s] GC(1) Pause Young (Concurrent Start) (Metadata GC Threshold)
[2022-03-27T12:56:56.231+0800][7.812s] GC(1) Using 8 workers of 8 for evacuation
[2022-03-27T12:56:56.252+0800][7.833s] GC(1)   Pre Evacuate Collection Set: 0.0ms
[2022-03-27T12:56:56.252+0800][7.833s] GC(1)   Evacuate Collection Set: 19.0ms
[2022-03-27T12:56:56.253+0800][7.833s] GC(1)   Post Evacuate Collection Set: 0.9ms
[2022-03-27T12:56:56.253+0800][7.833s] GC(1)   Other: 0.8ms
[2022-03-27T12:56:56.253+0800][7.833s] GC(1) Eden regions: 25->0(61)
[2022-03-27T12:56:56.253+0800][7.833s] GC(1) Survivor regions: 3->12(39)
[2022-03-27T12:56:56.253+0800][7.833s] GC(1) Old regions: 0->0
[2022-03-27T12:56:56.253+0800][7.834s] GC(1) Humongous regions: 4->4
[2022-03-27T12:56:56.253+0800][7.834s] GC(1) Metaspace: 20631K->20631K(1069056K)
[2022-03-27T12:56:56.253+0800][7.834s] GC(1) Pause Young (Concurrent Start) (Metadata GC Threshold) 31M->15M(512M) 21.312ms
[2022-03-27T12:56:56.253+0800][7.834s] GC(1) User=0.13s Sys=0.00s Real=0.02s
[2022-03-27T12:56:56.253+0800][7.834s] GC(2) Concurrent Cycle
[2022-03-27T12:56:56.253+0800][7.834s] GC(2) Concurrent Clear Claimed Marks
[2022-03-27T12:56:56.254+0800][7.834s] GC(2) Concurrent Clear Claimed Marks 0.093ms
[2022-03-27T12:56:56.254+0800][7.834s] GC(2) Concurrent Scan Root Regions
[2022-03-27T12:56:56.261+0800][7.842s] GC(2) Concurrent Scan Root Regions 7.419ms
[2022-03-27T12:56:56.261+0800][7.842s] GC(2) Concurrent Mark (7.842s)
[2022-03-27T12:56:56.261+0800][7.842s] GC(2) Concurrent Mark From Roots
[2022-03-27T12:56:56.261+0800][7.842s] GC(2) Using 2 workers of 2 for marking
[2022-03-27T12:56:56.263+0800][7.844s] GC(2) Concurrent Mark From Roots 2.270ms
[2022-03-27T12:56:56.263+0800][7.844s] GC(2) Concurrent Preclean
[2022-03-27T12:56:56.263+0800][7.844s] GC(2) Concurrent Preclean 0.210ms
[2022-03-27T12:56:56.264+0800][7.844s] GC(2) Concurrent Mark (7.842s, 7.844s) 2.630ms
[2022-03-27T12:56:56.264+0800][7.845s] GC(2) Pause Remark
[2022-03-27T12:56:56.266+0800][7.847s] GC(2) Cleaned string and symbol table, strings: 9621 processed, 0 removed, symbols: 67537 processed, 20 removed
[2022-03-27T12:56:56.267+0800][7.848s] GC(2) Pause Remark 16M->16M(512M) 2.706ms
[2022-03-27T12:56:56.267+0800][7.848s] GC(2) User=0.00s Sys=0.00s Real=0.00s
[2022-03-27T12:56:56.267+0800][7.848s] GC(2) Concurrent Rebuild Remembered Sets
[2022-03-27T12:56:56.270+0800][7.851s] GC(2) Concurrent Rebuild Remembered Sets 3.084ms
[2022-03-27T12:56:56.270+0800][7.851s] GC(2) Pause Cleanup
[2022-03-27T12:56:56.271+0800][7.851s] GC(2) Pause Cleanup 16M->16M(512M) 0.179ms
[2022-03-27T12:56:56.271+0800][7.851s] GC(2) User=0.00s Sys=0.00s Real=0.00s
[2022-03-27T12:56:56.271+0800][7.851s] GC(2) Concurrent Cleanup for Next Mark
[2022-03-27T12:56:56.272+0800][7.852s] GC(2) Concurrent Cleanup for Next Mark 0.835ms
[2022-03-27T12:56:56.285+0800][7.865s] GC(2) Concurrent Cycle 31.071ms
[2022-03-27T12:56:58.436+0800][10.017s] GC(3) Pause Young (Normal) (G1 Evacuation Pause)
[2022-03-27T12:56:58.436+0800][10.017s] GC(3) Using 8 workers of 8 for evacuation
[2022-03-27T12:56:58.450+0800][10.031s] GC(3)   Pre Evacuate Collection Set: 0.0ms
[2022-03-27T12:56:58.450+0800][10.031s] GC(3)   Evacuate Collection Set: 12.6ms
[2022-03-27T12:56:58.450+0800][10.031s] GC(3)   Post Evacuate Collection Set: 1.2ms
[2022-03-27T12:56:58.450+0800][10.031s] GC(3)   Other: 0.3ms
[2022-03-27T12:56:58.450+0800][10.031s] GC(3) Eden regions: 42->0(64)
[2022-03-27T12:56:58.450+0800][10.031s] GC(3) Survivor regions: 12->7(7)
[2022-03-27T12:56:58.450+0800][10.031s] GC(3) Old regions: 0->13
[2022-03-27T12:56:58.450+0800][10.031s] GC(3) Humongous regions: 4->4
[2022-03-27T12:56:58.450+0800][10.031s] GC(3) Metaspace: 25020K->25020K(1073152K)
[2022-03-27T12:56:58.450+0800][10.031s] GC(3) Pause Young (Normal) (G1 Evacuation Pause) 57M->23M(512M) 14.439ms
[2022-03-27T12:56:58.450+0800][10.031s] GC(3) User=0.05s Sys=0.00s Real=0.01s
[2022-03-27T12:57:00.095+0800][11.676s] GC(4) Pause Young (Normal) (G1 Evacuation Pause)
[2022-03-27T12:57:00.095+0800][11.676s] GC(4) Using 8 workers of 8 for evacuation
[2022-03-27T12:57:00.100+0800][11.681s] GC(4)   Pre Evacuate Collection Set: 0.0ms
[2022-03-27T12:57:00.100+0800][11.681s] GC(4)   Evacuate Collection Set: 3.7ms
[2022-03-27T12:57:00.100+0800][11.681s] GC(4)   Post Evacuate Collection Set: 0.7ms
[2022-03-27T12:57:00.100+0800][11.681s] GC(4)   Other: 0.3ms
[2022-03-27T12:57:00.100+0800][11.681s] GC(4) Eden regions: 64->0(106)
[2022-03-27T12:57:00.100+0800][11.681s] GC(4) Survivor regions: 7->1(9)
[2022-03-27T12:57:00.101+0800][11.681s] GC(4) Old regions: 13->20
[2022-03-27T12:57:00.101+0800][11.681s] GC(4) Humongous regions: 4->4
[2022-03-27T12:57:00.101+0800][11.681s] GC(4) Metaspace: 32265K->32265K(1079296K)
[2022-03-27T12:57:00.101+0800][11.681s] GC(4) Pause Young (Normal) (G1 Evacuation Pause) 87M->24M(512M) 5.027ms
[2022-03-27T12:57:00.101+0800][11.681s] GC(4) User=0.00s Sys=0.00s Real=0.01s
[2022-03-27T12:57:00.473+0800][12.053s] GC(5) Pause Young (Concurrent Start) (Metadata GC Threshold)
[2022-03-27T12:57:00.473+0800][12.053s] GC(5) Using 8 workers of 8 for evacuation
[2022-03-27T12:57:00.477+0800][12.057s] GC(5)   Pre Evacuate Collection Set: 0.1ms
[2022-03-27T12:57:00.477+0800][12.057s] GC(5)   Evacuate Collection Set: 3.9ms
[2022-03-27T12:57:00.477+0800][12.058s] GC(5)   Post Evacuate Collection Set: 0.3ms
[2022-03-27T12:57:00.477+0800][12.058s] GC(5)   Other: 0.2ms
[2022-03-27T12:57:00.477+0800][12.058s] GC(5) Eden regions: 17->0(102)
[2022-03-27T12:57:00.477+0800][12.058s] GC(5) Survivor regions: 1->2(14)
[2022-03-27T12:57:00.477+0800][12.058s] GC(5) Old regions: 20->20
[2022-03-27T12:57:00.477+0800][12.058s] GC(5) Humongous regions: 4->4
[2022-03-27T12:57:00.477+0800][12.058s] GC(5) Metaspace: 34970K->34970K(1081344K)
[2022-03-27T12:57:00.477+0800][12.058s] GC(5) Pause Young (Concurrent Start) (Metadata GC Threshold) 40M->25M(512M) 4.899ms
[2022-03-27T12:57:00.477+0800][12.058s] GC(5) User=0.00s Sys=0.00s Real=0.00s
[2022-03-27T12:57:00.477+0800][12.058s] GC(6) Concurrent Cycle
[2022-03-27T12:57:00.477+0800][12.058s] GC(6) Concurrent Clear Claimed Marks
[2022-03-27T12:57:00.477+0800][12.058s] GC(6) Concurrent Clear Claimed Marks 0.049ms
[2022-03-27T12:57:00.477+0800][12.058s] GC(6) Concurrent Scan Root Regions
[2022-03-27T12:57:00.479+0800][12.060s] GC(6) Concurrent Scan Root Regions 1.915ms
[2022-03-27T12:57:00.479+0800][12.060s] GC(6) Concurrent Mark (12.060s)
[2022-03-27T12:57:00.479+0800][12.060s] GC(6) Concurrent Mark From Roots
[2022-03-27T12:57:00.480+0800][12.060s] GC(6) Using 2 workers of 2 for marking
[2022-03-27T12:57:00.509+0800][12.090s] GC(6) Concurrent Mark From Roots 29.526ms
[2022-03-27T12:57:00.509+0800][12.090s] GC(6) Concurrent Preclean
[2022-03-27T12:57:00.509+0800][12.090s] GC(6) Concurrent Preclean 0.262ms
[2022-03-27T12:57:00.510+0800][12.090s] GC(6) Concurrent Mark (12.060s, 12.090s) 29.976ms
[2022-03-27T12:57:00.510+0800][12.090s] GC(6) Pause Remark
[2022-03-27T12:57:00.514+0800][12.094s] GC(6) Cleaned string and symbol table, strings: 15739 processed, 27 removed, symbols: 114072 processed, 42 removed
[2022-03-27T12:57:00.514+0800][12.094s] GC(6) Pause Remark 25M->25M(512M) 3.814ms
[2022-03-27T12:57:00.514+0800][12.094s] GC(6) User=0.05s Sys=0.00s Real=0.00s
[2022-03-27T12:57:00.514+0800][12.094s] GC(6) Concurrent Rebuild Remembered Sets
[2022-03-27T12:57:00.538+0800][12.118s] GC(6) Concurrent Rebuild Remembered Sets 24.233ms
[2022-03-27T12:57:00.539+0800][12.119s] GC(6) Pause Cleanup
[2022-03-27T12:57:00.539+0800][12.119s] GC(6) Pause Cleanup 26M->26M(512M) 0.165ms
[2022-03-27T12:57:00.539+0800][12.119s] GC(6) User=0.00s Sys=0.00s Real=0.00s
[2022-03-27T12:57:00.539+0800][12.119s] GC(6) Concurrent Cleanup for Next Mark
[2022-03-27T12:57:00.540+0800][12.120s] GC(6) Concurrent Cleanup for Next Mark 1.018ms
[2022-03-27T12:57:00.540+0800][12.121s] GC(6) Concurrent Cycle 62.579ms
[2022-03-27T12:57:03.164+0800][14.744s] GC(7) Pause Young (Concurrent Start) (G1 Evacuation Pause)
[2022-03-27T12:57:03.164+0800][14.744s] GC(7) Using 8 workers of 8 for evacuation
[2022-03-27T12:57:03.176+0800][14.757s] GC(7)   Pre Evacuate Collection Set: 0.1ms
[2022-03-27T12:57:03.176+0800][14.757s] GC(7)   Evacuate Collection Set: 12.2ms
[2022-03-27T12:57:03.176+0800][14.757s] GC(7)   Post Evacuate Collection Set: 0.7ms
[2022-03-27T12:57:03.176+0800][14.757s] GC(7)   Other: 0.4ms
[2022-03-27T12:57:03.176+0800][14.757s] GC(7) Eden regions: 107->0(154)
[2022-03-27T12:57:03.176+0800][14.757s] GC(7) Survivor regions: 2->10(14)
[2022-03-27T12:57:03.176+0800][14.758s] GC(7) Old regions: 20->20
[2022-03-27T12:57:03.177+0800][14.758s] GC(7) Humongous regions: 5->4
[2022-03-27T12:57:03.177+0800][14.758s] GC(7) Metaspace: 47391K->47391K(1091584K)
[2022-03-27T12:57:03.177+0800][14.758s] GC(7) Pause Young (Concurrent Start) (G1 Evacuation Pause) 133M->32M(512M) 13.741ms
[2022-03-27T12:57:03.177+0800][14.758s] GC(7) User=0.06s Sys=0.00s Real=0.01s
[2022-03-27T12:57:03.177+0800][14.758s] GC(8) Concurrent Cycle
[2022-03-27T12:57:03.177+0800][14.758s] GC(8) Concurrent Clear Claimed Marks
[2022-03-27T12:57:03.177+0800][14.758s] GC(8) Concurrent Clear Claimed Marks 0.099ms
[2022-03-27T12:57:03.177+0800][14.758s] GC(8) Concurrent Scan Root Regions
[2022-03-27T12:57:03.183+0800][14.764s] GC(8) Concurrent Scan Root Regions 5.933ms
[2022-03-27T12:57:03.183+0800][14.764s] GC(8) Concurrent Mark (14.764s)
[2022-03-27T12:57:03.183+0800][14.764s] GC(8) Concurrent Mark From Roots
[2022-03-27T12:57:03.183+0800][14.764s] GC(8) Using 2 workers of 2 for marking
[2022-03-27T12:57:03.215+0800][14.796s] GC(8) Concurrent Mark From Roots 32.379ms
[2022-03-27T12:57:03.215+0800][14.796s] GC(8) Concurrent Preclean
[2022-03-27T12:57:03.216+0800][14.797s] GC(8) Concurrent Preclean 0.380ms
[2022-03-27T12:57:03.216+0800][14.797s] GC(8) Concurrent Mark (14.764s, 14.797s) 32.917ms
[2022-03-27T12:57:03.216+0800][14.797s] GC(8) Pause Remark
[2022-03-27T12:57:03.221+0800][14.801s] GC(8) Cleaned string and symbol table, strings: 21166 processed, 0 removed, symbols: 147578 processed, 93 removed
[2022-03-27T12:57:03.221+0800][14.801s] GC(8) Pause Remark 36M->36M(512M) 4.348ms
[2022-03-27T12:57:03.221+0800][14.801s] GC(8) User=0.00s Sys=0.00s Real=0.00s
[2022-03-27T12:57:03.221+0800][14.802s] GC(8) Concurrent Rebuild Remembered Sets
[2022-03-27T12:57:03.236+0800][14.816s] GC(8) Concurrent Rebuild Remembered Sets 14.379ms
[2022-03-27T12:57:03.236+0800][14.816s] GC(8) Pause Cleanup
[2022-03-27T12:57:03.236+0800][14.816s] GC(8) Pause Cleanup 37M->37M(512M) 0.128ms
[2022-03-27T12:57:03.236+0800][14.816s] GC(8) User=0.00s Sys=0.00s Real=0.00s
[2022-03-27T12:57:03.236+0800][14.817s] GC(8) Concurrent Cleanup for Next Mark
[2022-03-27T12:57:03.237+0800][14.817s] GC(8) Concurrent Cleanup for Next Mark 0.752ms
[2022-03-27T12:57:03.237+0800][14.817s] GC(8) Concurrent Cycle 59.690ms
[2022-03-27T12:57:28.092+0800][39.675s] GC(9) Pause Young (Normal) (G1 Evacuation Pause)
[2022-03-27T12:57:28.092+0800][39.675s] GC(9) Using 8 workers of 8 for evacuation
[2022-03-27T12:57:28.108+0800][39.688s] GC(9)   Pre Evacuate Collection Set: 0.0ms
[2022-03-27T12:57:28.108+0800][39.688s] GC(9)   Evacuate Collection Set: 11.3ms
[2022-03-27T12:57:28.108+0800][39.688s] GC(9)   Post Evacuate Collection Set: 1.1ms
[2022-03-27T12:57:28.108+0800][39.688s] GC(9)   Other: 0.3ms
[2022-03-27T12:57:28.108+0800][39.688s] GC(9) Eden regions: 160->0(289)
[2022-03-27T12:57:28.108+0800][39.688s] GC(9) Survivor regions: 10->18(22)
[2022-03-27T12:57:28.108+0800][39.688s] GC(9) Old regions: 20->20
[2022-03-27T12:57:28.108+0800][39.688s] GC(9) Humongous regions: 4->4
[2022-03-27T12:57:28.108+0800][39.688s] GC(9) Metaspace: 57506K->57506K(1101824K)
[2022-03-27T12:57:28.108+0800][39.688s] GC(9) Pause Young (Normal) (G1 Evacuation Pause) 192M->40M(512M) 13.018ms
[2022-03-27T12:57:28.108+0800][39.688s] GC(9) User=0.02s Sys=0.00s Real=0.02s
[2022-03-27T13:48:54.039+0800][3125.622s] GC(10) Pause Young (Normal) (G1 Evacuation Pause)
[2022-03-27T13:48:54.039+0800][3125.622s] GC(10) Using 8 workers of 8 for evacuation
[2022-03-27T13:48:54.083+0800][3125.664s] GC(10)   Pre Evacuate Collection Set: 0.5ms
[2022-03-27T13:48:54.083+0800][3125.664s] GC(10)   Evacuate Collection Set: 29.6ms
[2022-03-27T13:48:54.083+0800][3125.664s] GC(10)   Post Evacuate Collection Set: 11.4ms
[2022-03-27T13:48:54.083+0800][3125.664s] GC(10)   Other: 0.6ms
[2022-03-27T13:48:54.083+0800][3125.664s] GC(10) Eden regions: 289->0(276)
[2022-03-27T13:48:54.083+0800][3125.664s] GC(10) Survivor regions: 18->31(39)
[2022-03-27T13:48:54.083+0800][3125.664s] GC(10) Old regions: 20->20
[2022-03-27T13:48:54.083+0800][3125.664s] GC(10) Humongous regions: 7->7
[2022-03-27T13:48:54.083+0800][3125.664s] GC(10) Metaspace: 63106K->63106K(1105920K)
[2022-03-27T13:48:54.083+0800][3125.664s] GC(10) Pause Young (Normal) (G1 Evacuation Pause) 332M->57M(512M) 42.357ms
[2022-03-27T13:48:54.083+0800][3125.664s] GC(10) User=0.27s Sys=0.08s Real=0.04s
[2022-03-27T13:48:56.225+0800][3127.806s] GC(11) Pause Young (Normal) (G1 Evacuation Pause)
[2022-03-27T13:48:56.226+0800][3127.806s] GC(11) Using 8 workers of 8 for evacuation
[2022-03-27T13:48:56.248+0800][3127.829s] GC(11)   Pre Evacuate Collection Set: 0.0ms
[2022-03-27T13:48:56.248+0800][3127.829s] GC(11)   Evacuate Collection Set: 21.0ms
[2022-03-27T13:48:56.248+0800][3127.829s] GC(11)   Post Evacuate Collection Set: 1.4ms
[2022-03-27T13:48:56.248+0800][3127.829s] GC(11)   Other: 0.3ms
[2022-03-27T13:48:56.248+0800][3127.829s] GC(11) Eden regions: 276->0(292)
[2022-03-27T13:48:56.248+0800][3127.829s] GC(11) Survivor regions: 31->15(39)
[2022-03-27T13:48:56.248+0800][3127.829s] GC(11) Old regions: 20->32
[2022-03-27T13:48:56.248+0800][3127.829s] GC(11) Humongous regions: 7->7
[2022-03-27T13:48:56.248+0800][3127.829s] GC(11) Metaspace: 63304K->63304K(1105920K)
[2022-03-27T13:48:56.248+0800][3127.829s] GC(11) Pause Young (Normal) (G1 Evacuation Pause) 333M->53M(512M) 23.145ms
[2022-03-27T13:48:56.248+0800][3127.829s] GC(11) User=0.19s Sys=0.00s Real=0.02s
[2022-03-27T15:21:19.654+0800][8671.234s] Heap
[2022-03-27T15:21:19.654+0800][8671.235s]  garbage-first heap   total 524288K, used 256546K [0x00000000e0000000, 0x0000000100000000)
[2022-03-27T15:21:19.654+0800][8671.235s]   region size 1024K, 214 young (219136K), 15 survivors (15360K)
[2022-03-27T15:21:19.654+0800][8671.235s]  Metaspace       used 65294K, capacity 66683K, committed 66944K, reserved 1107968K
[2022-03-27T15:21:19.654+0800][8671.235s]   class space    used 7214K, capacity 7764K, committed 7808K, reserved 1048576K
