[2022-04-02T12:37:42.775+0800][0.053s] Heap region size: 1M
[2022-04-02T12:37:43.227+0800][0.500s] Using G1
[2022-04-02T12:37:43.227+0800][0.501s] Heap address: 0x00000000e0000000, size: 512 MB, Compressed Oops mode: 32-bit
[2022-04-02T12:37:49.538+0800][6.813s] GC(0) Pause Young (Normal) (G1 Evacuation Pause)
[2022-04-02T12:37:49.540+0800][6.814s] GC(0) Using 8 workers of 8 for evacuation
[2022-04-02T12:37:49.549+0800][6.823s] GC(0)   Pre Evacuate Collection Set: 0.0ms
[2022-04-02T12:37:49.549+0800][6.824s] GC(0)   Evacuate Collection Set: 6.9ms
[2022-04-02T12:37:49.549+0800][6.824s] GC(0)   Post Evacuate Collection Set: 1.2ms
[2022-04-02T12:37:49.550+0800][6.824s] GC(0)   Other: 3.5ms
[2022-04-02T12:37:49.550+0800][6.824s] GC(0) Eden regions: 30->0(304)
[2022-04-02T12:37:49.550+0800][6.825s] GC(0) Survivor regions: 0->3(4)
[2022-04-02T12:37:49.550+0800][6.825s] GC(0) Old regions: 0->0
[2022-04-02T12:37:49.550+0800][6.825s] GC(0) Humongous regions: 0->0
[2022-04-02T12:37:49.550+0800][6.825s] GC(0) Metaspace: 13386K->13386K(1060864K)
[2022-04-02T12:37:49.550+0800][6.825s] GC(0) Pause Young (Normal) (G1 Evacuation Pause) 30M->2M(512M) 12.116ms
[2022-04-02T12:37:49.550+0800][6.825s] GC(0) User=0.00s Sys=0.00s Real=0.01s
[2022-04-02T12:37:50.534+0800][7.808s] GC(1) Pause Young (Concurrent Start) (Metadata GC Threshold)
[2022-04-02T12:37:50.534+0800][7.808s] GC(1) Using 8 workers of 8 for evacuation
[2022-04-02T12:37:50.552+0800][7.826s] GC(1)   Pre Evacuate Collection Set: 0.0ms
[2022-04-02T12:37:50.552+0800][7.826s] GC(1)   Evacuate Collection Set: 16.9ms
[2022-04-02T12:37:50.552+0800][7.826s] GC(1)   Post Evacuate Collection Set: 0.7ms
[2022-04-02T12:37:50.552+0800][7.826s] GC(1)   Other: 0.6ms
[2022-04-02T12:37:50.552+0800][7.826s] GC(1) Eden regions: 25->0(60)
[2022-04-02T12:37:50.552+0800][7.826s] GC(1) Survivor regions: 3->12(39)
[2022-04-02T12:37:50.552+0800][7.826s] GC(1) Old regions: 0->0
[2022-04-02T12:37:50.552+0800][7.826s] GC(1) Humongous regions: 4->4
[2022-04-02T12:37:50.552+0800][7.826s] GC(1) Metaspace: 20661K->20661K(1069056K)
[2022-04-02T12:37:50.553+0800][7.826s] GC(1) Pause Young (Concurrent Start) (Metadata GC Threshold) 31M->15M(512M) 18.486ms
[2022-04-02T12:37:50.553+0800][7.827s] GC(1) User=0.06s Sys=0.00s Real=0.02s
[2022-04-02T12:37:50.553+0800][7.827s] GC(2) Concurrent Cycle
[2022-04-02T12:37:50.553+0800][7.827s] GC(2) Concurrent Clear Claimed Marks
[2022-04-02T12:37:50.553+0800][7.827s] GC(2) Concurrent Clear Claimed Marks 0.066ms
[2022-04-02T12:37:50.553+0800][7.827s] GC(2) Concurrent Scan Root Regions
[2022-04-02T12:37:50.558+0800][7.833s] GC(2) Concurrent Scan Root Regions 6.382ms
[2022-04-02T12:37:50.558+0800][7.834s] GC(2) Concurrent Mark (7.834s)
[2022-04-02T12:37:50.560+0800][7.834s] GC(2) Concurrent Mark From Roots
[2022-04-02T12:37:50.560+0800][7.834s] GC(2) Using 2 workers of 2 for marking
[2022-04-02T12:37:50.561+0800][7.835s] GC(2) Concurrent Mark From Roots 1.688ms
[2022-04-02T12:37:50.561+0800][7.835s] GC(2) Concurrent Preclean
[2022-04-02T12:37:50.561+0800][7.835s] GC(2) Concurrent Preclean 0.161ms
[2022-04-02T12:37:50.561+0800][7.835s] GC(2) Concurrent Mark (7.834s, 7.835s) 1.952ms
[2022-04-02T12:37:50.562+0800][7.836s] GC(2) Pause Remark
[2022-04-02T12:37:50.564+0800][7.838s] GC(2) Cleaned string and symbol table, strings: 9629 processed, 0 removed, symbols: 67561 processed, 20 removed
[2022-04-02T12:37:50.564+0800][7.838s] GC(2) Pause Remark 16M->16M(512M) 2.367ms
[2022-04-02T12:37:50.564+0800][7.838s] GC(2) User=0.00s Sys=0.00s Real=0.00s
[2022-04-02T12:37:50.564+0800][7.839s] GC(2) Concurrent Rebuild Remembered Sets
[2022-04-02T12:37:50.566+0800][7.841s] GC(2) Concurrent Rebuild Remembered Sets 1.964ms
[2022-04-02T12:37:50.567+0800][7.841s] GC(2) Pause Cleanup
[2022-04-02T12:37:50.567+0800][7.841s] GC(2) Pause Cleanup 16M->16M(512M) 0.128ms
[2022-04-02T12:37:50.567+0800][7.841s] GC(2) User=0.00s Sys=0.00s Real=0.00s
[2022-04-02T12:37:50.567+0800][7.841s] GC(2) Concurrent Cleanup for Next Mark
[2022-04-02T12:37:50.569+0800][7.843s] GC(2) Concurrent Cleanup for Next Mark 1.697ms
[2022-04-02T12:37:50.569+0800][7.843s] GC(2) Concurrent Cycle 15.999ms
[2022-04-02T12:37:52.282+0800][9.557s] GC(3) Pause Young (Normal) (G1 Evacuation Pause)
[2022-04-02T12:37:52.283+0800][9.557s] GC(3) Using 8 workers of 8 for evacuation
[2022-04-02T12:37:52.306+0800][9.580s] GC(3)   Pre Evacuate Collection Set: 0.0ms
[2022-04-02T12:37:52.306+0800][9.581s] GC(3)   Evacuate Collection Set: 21.4ms
[2022-04-02T12:37:52.306+0800][9.581s] GC(3)   Post Evacuate Collection Set: 1.6ms
[2022-04-02T12:37:52.306+0800][9.581s] GC(3)   Other: 0.3ms
[2022-04-02T12:37:52.306+0800][9.581s] GC(3) Eden regions: 41->0(63)
[2022-04-02T12:37:52.306+0800][9.581s] GC(3) Survivor regions: 12->7(7)
[2022-04-02T12:37:52.306+0800][9.581s] GC(3) Old regions: 0->13
[2022-04-02T12:37:52.306+0800][9.581s] GC(3) Humongous regions: 4->4
[2022-04-02T12:37:52.306+0800][9.581s] GC(3) Metaspace: 24942K->24942K(1071104K)
[2022-04-02T12:37:52.307+0800][9.581s] GC(3) Pause Young (Normal) (G1 Evacuation Pause) 56M->23M(512M) 23.835ms
[2022-04-02T12:37:52.307+0800][9.581s] GC(3) User=0.22s Sys=0.00s Real=0.02s
[2022-04-02T12:37:54.211+0800][11.485s] GC(4) Pause Young (Normal) (G1 Evacuation Pause)
[2022-04-02T12:37:54.211+0800][11.485s] GC(4) Using 8 workers of 8 for evacuation
[2022-04-02T12:37:54.215+0800][11.489s] GC(4)   Pre Evacuate Collection Set: 0.0ms
[2022-04-02T12:37:54.215+0800][11.489s] GC(4)   Evacuate Collection Set: 3.1ms
[2022-04-02T12:37:54.215+0800][11.489s] GC(4)   Post Evacuate Collection Set: 0.5ms
[2022-04-02T12:37:54.215+0800][11.489s] GC(4)   Other: 0.3ms
[2022-04-02T12:37:54.215+0800][11.489s] GC(4) Eden regions: 63->0(104)
[2022-04-02T12:37:54.215+0800][11.489s] GC(4) Survivor regions: 7->2(9)
[2022-04-02T12:37:54.215+0800][11.489s] GC(4) Old regions: 13->20
[2022-04-02T12:37:54.215+0800][11.489s] GC(4) Humongous regions: 4->4
[2022-04-02T12:37:54.215+0800][11.489s] GC(4) Metaspace: 32043K->32043K(1079296K)
[2022-04-02T12:37:54.215+0800][11.489s] GC(4) Pause Young (Normal) (G1 Evacuation Pause) 86M->24M(512M) 4.043ms
[2022-04-02T12:37:54.215+0800][11.489s] GC(4) User=0.00s Sys=0.00s Real=0.00s
[2022-04-02T12:37:54.844+0800][12.118s] GC(5) Pause Young (Concurrent Start) (Metadata GC Threshold)
[2022-04-02T12:37:54.844+0800][12.118s] GC(5) Using 8 workers of 8 for evacuation
[2022-04-02T12:37:54.848+0800][12.122s] GC(5)   Pre Evacuate Collection Set: 0.0ms
[2022-04-02T12:37:54.848+0800][12.122s] GC(5)   Evacuate Collection Set: 3.7ms
[2022-04-02T12:37:54.848+0800][12.122s] GC(5)   Post Evacuate Collection Set: 0.3ms
[2022-04-02T12:37:54.848+0800][12.122s] GC(5)   Other: 0.2ms
[2022-04-02T12:37:54.848+0800][12.122s] GC(5) Eden regions: 21->0(114)
[2022-04-02T12:37:54.848+0800][12.122s] GC(5) Survivor regions: 2->2(14)
[2022-04-02T12:37:54.848+0800][12.122s] GC(5) Old regions: 20->20
[2022-04-02T12:37:54.848+0800][12.122s] GC(5) Humongous regions: 4->4
[2022-04-02T12:37:54.848+0800][12.122s] GC(5) Metaspace: 35022K->35022K(1081344K)
[2022-04-02T12:37:54.848+0800][12.122s] GC(5) Pause Young (Concurrent Start) (Metadata GC Threshold) 45M->25M(512M) 4.457ms
[2022-04-02T12:37:54.848+0800][12.122s] GC(5) User=0.00s Sys=0.00s Real=0.00s
[2022-04-02T12:37:54.848+0800][12.122s] GC(6) Concurrent Cycle
[2022-04-02T12:37:54.848+0800][12.122s] GC(6) Concurrent Clear Claimed Marks
[2022-04-02T12:37:54.848+0800][12.122s] GC(6) Concurrent Clear Claimed Marks 0.037ms
[2022-04-02T12:37:54.848+0800][12.122s] GC(6) Concurrent Scan Root Regions
[2022-04-02T12:37:54.850+0800][12.124s] GC(6) Concurrent Scan Root Regions 1.567ms
[2022-04-02T12:37:54.850+0800][12.124s] GC(6) Concurrent Mark (12.124s)
[2022-04-02T12:37:54.850+0800][12.124s] GC(6) Concurrent Mark From Roots
[2022-04-02T12:37:54.850+0800][12.124s] GC(6) Using 2 workers of 2 for marking
[2022-04-02T12:37:54.878+0800][12.152s] GC(6) Concurrent Mark From Roots 27.625ms
[2022-04-02T12:37:54.878+0800][12.152s] GC(6) Concurrent Preclean
[2022-04-02T12:37:54.878+0800][12.152s] GC(6) Concurrent Preclean 0.315ms
[2022-04-02T12:37:54.878+0800][12.152s] GC(6) Concurrent Mark (12.124s, 12.152s) 28.181ms
[2022-04-02T12:37:54.878+0800][12.152s] GC(6) Pause Remark
[2022-04-02T12:37:54.882+0800][12.156s] GC(6) Cleaned string and symbol table, strings: 15856 processed, 27 removed, symbols: 114708 processed, 42 removed
[2022-04-02T12:37:54.882+0800][12.157s] GC(6) Pause Remark 25M->25M(512M) 4.346ms
[2022-04-02T12:37:54.882+0800][12.157s] GC(6) User=0.13s Sys=0.00s Real=0.00s
[2022-04-02T12:37:54.882+0800][12.157s] GC(6) Concurrent Rebuild Remembered Sets
[2022-04-02T12:37:54.895+0800][12.169s] GC(6) Concurrent Rebuild Remembered Sets 11.675ms
[2022-04-02T12:37:54.895+0800][12.169s] GC(6) Pause Cleanup
[2022-04-02T12:37:54.895+0800][12.169s] GC(6) Pause Cleanup 25M->25M(512M) 0.162ms
[2022-04-02T12:37:54.895+0800][12.169s] GC(6) User=0.00s Sys=0.00s Real=0.00s
[2022-04-02T12:37:54.895+0800][12.169s] GC(6) Concurrent Cleanup for Next Mark
[2022-04-02T12:37:54.896+0800][12.170s] GC(6) Concurrent Cleanup for Next Mark 0.768ms
[2022-04-02T12:37:54.896+0800][12.170s] GC(6) Concurrent Cycle 47.846ms
[2022-04-02T12:37:58.363+0800][15.636s] GC(7) Pause Young (Concurrent Start) (G1 Evacuation Pause)
[2022-04-02T12:37:58.363+0800][15.637s] GC(7) Using 8 workers of 8 for evacuation
[2022-04-02T12:37:58.381+0800][15.655s] GC(7)   Pre Evacuate Collection Set: 0.1ms
[2022-04-02T12:37:58.381+0800][15.655s] GC(7)   Evacuate Collection Set: 17.1ms
[2022-04-02T12:37:58.381+0800][15.655s] GC(7)   Post Evacuate Collection Set: 1.3ms
[2022-04-02T12:37:58.381+0800][15.655s] GC(7)   Other: 0.4ms
[2022-04-02T12:37:58.381+0800][15.656s] GC(7) Eden regions: 118->0(171)
[2022-04-02T12:37:58.381+0800][15.656s] GC(7) Survivor regions: 2->9(15)
[2022-04-02T12:37:58.381+0800][15.656s] GC(7) Old regions: 20->20
[2022-04-02T12:37:58.381+0800][15.656s] GC(7) Humongous regions: 5->4
[2022-04-02T12:37:58.381+0800][15.656s] GC(7) Metaspace: 47915K->47915K(1093632K)
[2022-04-02T12:37:58.381+0800][15.656s] GC(7) Pause Young (Concurrent Start) (G1 Evacuation Pause) 144M->32M(512M) 19.342ms
[2022-04-02T12:37:58.381+0800][15.656s] GC(7) User=0.23s Sys=0.00s Real=0.02s
[2022-04-02T12:37:58.381+0800][15.656s] GC(8) Concurrent Cycle
[2022-04-02T12:37:58.381+0800][15.656s] GC(8) Concurrent Clear Claimed Marks
[2022-04-02T12:37:58.382+0800][15.656s] GC(8) Concurrent Clear Claimed Marks 0.132ms
[2022-04-02T12:37:58.382+0800][15.656s] GC(8) Concurrent Scan Root Regions
[2022-04-02T12:37:58.389+0800][15.667s] GC(8) Concurrent Scan Root Regions 10.461ms
[2022-04-02T12:37:58.389+0800][15.667s] GC(8) Concurrent Mark (15.667s)
[2022-04-02T12:37:58.389+0800][15.667s] GC(8) Concurrent Mark From Roots
[2022-04-02T12:37:58.389+0800][15.667s] GC(8) Using 2 workers of 2 for marking
[2022-04-02T12:37:58.451+0800][15.727s] GC(8) Concurrent Mark From Roots 60.446ms
[2022-04-02T12:37:58.451+0800][15.727s] GC(8) Concurrent Preclean
[2022-04-02T12:37:58.454+0800][15.728s] GC(8) Concurrent Preclean 0.577ms
[2022-04-02T12:37:58.454+0800][15.728s] GC(8) Concurrent Mark (15.667s, 15.728s) 61.253ms
[2022-04-02T12:37:58.455+0800][15.729s] GC(8) Pause Remark
[2022-04-02T12:37:58.461+0800][15.735s] GC(8) Cleaned string and symbol table, strings: 23421 processed, 0 removed, symbols: 150826 processed, 92 removed
[2022-04-02T12:37:58.461+0800][15.735s] GC(8) Pause Remark 35M->35M(512M) 6.462ms
[2022-04-02T12:37:58.461+0800][15.735s] GC(8) User=0.13s Sys=0.00s Real=0.01s
[2022-04-02T12:37:58.461+0800][15.736s] GC(8) Concurrent Rebuild Remembered Sets
[2022-04-02T12:37:58.494+0800][15.768s] GC(8) Concurrent Rebuild Remembered Sets 31.945ms
[2022-04-02T12:37:58.499+0800][15.773s] GC(8) Pause Cleanup
[2022-04-02T12:37:58.499+0800][15.774s] GC(8) Pause Cleanup 37M->37M(512M) 0.442ms
[2022-04-02T12:37:58.499+0800][15.774s] GC(8) User=0.00s Sys=0.00s Real=0.00s
[2022-04-02T12:37:58.499+0800][15.774s] GC(8) Concurrent Cleanup for Next Mark
[2022-04-02T12:37:58.500+0800][15.775s] GC(8) Concurrent Cleanup for Next Mark 0.821ms
[2022-04-02T12:37:58.500+0800][15.775s] GC(8) Concurrent Cycle 118.800ms
[2022-04-02T12:41:04.011+0800][201.286s] GC(9) Pause Young (Normal) (G1 Evacuation Pause)
[2022-04-02T12:41:04.011+0800][201.286s] GC(9) Using 8 workers of 8 for evacuation
[2022-04-02T12:41:04.027+0800][201.301s] GC(9)   Pre Evacuate Collection Set: 0.0ms
[2022-04-02T12:41:04.027+0800][201.301s] GC(9)   Evacuate Collection Set: 13.1ms
[2022-04-02T12:41:04.027+0800][201.301s] GC(9)   Post Evacuate Collection Set: 2.0ms
[2022-04-02T12:41:04.027+0800][201.301s] GC(9)   Other: 0.4ms
[2022-04-02T12:41:04.027+0800][201.302s] GC(9) Eden regions: 175->0(237)
[2022-04-02T12:41:04.027+0800][201.302s] GC(9) Survivor regions: 9->16(23)
[2022-04-02T12:41:04.027+0800][201.302s] GC(9) Old regions: 20->20
[2022-04-02T12:41:04.027+0800][201.302s] GC(9) Humongous regions: 7->7
[2022-04-02T12:41:04.027+0800][201.302s] GC(9) Metaspace: 59083K->59083K(1101824K)
[2022-04-02T12:41:04.027+0800][201.302s] GC(9) Pause Young (Normal) (G1 Evacuation Pause) 210M->42M(512M) 15.942ms
[2022-04-02T12:41:04.028+0800][201.302s] GC(9) User=0.09s Sys=0.00s Real=0.02s
[2022-04-02T14:40:11.239+0800][7348.513s] Heap
[2022-04-02T14:40:11.239+0800][7348.513s]  garbage-first heap   total 524288K, used 183485K [0x00000000e0000000, 0x0000000100000000)
[2022-04-02T14:40:11.239+0800][7348.513s]   region size 1024K, 154 young (157696K), 16 survivors (16384K)
[2022-04-02T14:40:11.239+0800][7348.513s]  Metaspace       used 60498K, capacity 61874K, committed 62080K, reserved 1103872K
[2022-04-02T14:40:11.239+0800][7348.513s]   class space    used 6898K, capacity 7456K, committed 7552K, reserved 1048576K
