[2022-03-26T00:20:12.587+0800][0.043s] Heap region size: 1M
[2022-03-26T00:20:12.872+0800][0.326s] Using G1
[2022-03-26T00:20:12.872+0800][0.326s] Heap address: 0x00000000e0000000, size: 512 MB, Compressed Oops mode: 32-bit
[2022-03-26T00:20:14.284+0800][1.738s] GC(0) Pause Young (Normal) (G1 Evacuation Pause)
[2022-03-26T00:20:14.284+0800][1.739s] GC(0) Using 8 workers of 8 for evacuation
[2022-03-26T00:20:14.288+0800][1.742s] GC(0)   Pre Evacuate Collection Set: 0.0ms
[2022-03-26T00:20:14.288+0800][1.742s] GC(0)   Evacuate Collection Set: 3.0ms
[2022-03-26T00:20:14.288+0800][1.743s] GC(0)   Post Evacuate Collection Set: 0.5ms
[2022-03-26T00:20:14.288+0800][1.743s] GC(0)   Other: 0.9ms
[2022-03-26T00:20:14.288+0800][1.743s] GC(0) Eden regions: 30->0(304)
[2022-03-26T00:20:14.289+0800][1.743s] GC(0) Survivor regions: 0->3(4)
[2022-03-26T00:20:14.289+0800][1.743s] GC(0) Old regions: 0->0
[2022-03-26T00:20:14.289+0800][1.743s] GC(0) Humongous regions: 0->0
[2022-03-26T00:20:14.289+0800][1.743s] GC(0) Metaspace: 13347K->13347K(1060864K)
[2022-03-26T00:20:14.289+0800][1.743s] GC(0) Pause Young (Normal) (G1 Evacuation Pause) 30M->2M(512M) 5.345ms
[2022-03-26T00:20:14.289+0800][1.743s] GC(0) User=0.05s Sys=0.00s Real=0.01s
[2022-03-26T00:20:14.911+0800][2.366s] GC(1) Pause Young (Concurrent Start) (Metadata GC Threshold)
[2022-03-26T00:20:14.911+0800][2.366s] GC(1) Using 8 workers of 8 for evacuation
[2022-03-26T00:20:14.927+0800][2.381s] GC(1)   Pre Evacuate Collection Set: 0.0ms
[2022-03-26T00:20:14.927+0800][2.381s] GC(1)   Evacuate Collection Set: 14.3ms
[2022-03-26T00:20:14.927+0800][2.381s] GC(1)   Post Evacuate Collection Set: 0.6ms
[2022-03-26T00:20:14.927+0800][2.381s] GC(1)   Other: 0.2ms
[2022-03-26T00:20:14.927+0800][2.381s] GC(1) Eden regions: 25->0(62)
[2022-03-26T00:20:14.927+0800][2.381s] GC(1) Survivor regions: 3->12(39)
[2022-03-26T00:20:14.927+0800][2.381s] GC(1) Old regions: 0->0
[2022-03-26T00:20:14.927+0800][2.381s] GC(1) Humongous regions: 4->4
[2022-03-26T00:20:14.927+0800][2.381s] GC(1) Metaspace: 20649K->20649K(1069056K)
[2022-03-26T00:20:14.927+0800][2.381s] GC(1) Pause Young (Concurrent Start) (Metadata GC Threshold) 31M->15M(512M) 15.282ms
[2022-03-26T00:20:14.927+0800][2.381s] GC(1) User=0.13s Sys=0.00s Real=0.02s
[2022-03-26T00:20:14.927+0800][2.381s] GC(2) Concurrent Cycle
[2022-03-26T00:20:14.927+0800][2.381s] GC(2) Concurrent Clear Claimed Marks
[2022-03-26T00:20:14.927+0800][2.381s] GC(2) Concurrent Clear Claimed Marks 0.049ms
[2022-03-26T00:20:14.927+0800][2.381s] GC(2) Concurrent Scan Root Regions
[2022-03-26T00:20:14.932+0800][2.386s] GC(2) Concurrent Scan Root Regions 4.747ms
[2022-03-26T00:20:14.932+0800][2.386s] GC(2) Concurrent Mark (2.386s)
[2022-03-26T00:20:14.932+0800][2.386s] GC(2) Concurrent Mark From Roots
[2022-03-26T00:20:14.932+0800][2.386s] GC(2) Using 2 workers of 2 for marking
[2022-03-26T00:20:14.934+0800][2.387s] GC(2) Concurrent Mark From Roots 1.226ms
[2022-03-26T00:20:14.934+0800][2.388s] GC(2) Concurrent Preclean
[2022-03-26T00:20:14.934+0800][2.388s] GC(2) Concurrent Preclean 0.146ms
[2022-03-26T00:20:14.934+0800][2.388s] GC(2) Concurrent Mark (2.386s, 2.388s) 1.444ms
[2022-03-26T00:20:14.934+0800][2.388s] GC(2) Pause Remark
[2022-03-26T00:20:14.936+0800][2.389s] GC(2) Cleaned string and symbol table, strings: 9629 processed, 0 removed, symbols: 67545 processed, 21 removed
[2022-03-26T00:20:14.936+0800][2.390s] GC(2) Pause Remark 16M->16M(512M) 1.760ms
[2022-03-26T00:20:14.936+0800][2.390s] GC(2) User=0.00s Sys=0.00s Real=0.00s
[2022-03-26T00:20:14.936+0800][2.390s] GC(2) Concurrent Rebuild Remembered Sets
[2022-03-26T00:20:14.938+0800][2.392s] GC(2) Concurrent Rebuild Remembered Sets 1.703ms
[2022-03-26T00:20:14.938+0800][2.392s] GC(2) Pause Cleanup
[2022-03-26T00:20:14.938+0800][2.392s] GC(2) Pause Cleanup 16M->16M(512M) 0.102ms
[2022-03-26T00:20:14.938+0800][2.392s] GC(2) User=0.00s Sys=0.00s Real=0.00s
[2022-03-26T00:20:14.938+0800][2.392s] GC(2) Concurrent Cleanup for Next Mark
[2022-03-26T00:20:14.938+0800][2.392s] GC(2) Concurrent Cleanup for Next Mark 0.573ms
[2022-03-26T00:20:14.939+0800][2.393s] GC(2) Concurrent Cycle 11.390ms
[2022-03-26T00:20:16.465+0800][3.919s] GC(3) Pause Young (Normal) (G1 Evacuation Pause)
[2022-03-26T00:20:16.465+0800][3.919s] GC(3) Using 8 workers of 8 for evacuation
[2022-03-26T00:20:16.484+0800][3.938s] GC(3)   Pre Evacuate Collection Set: 0.0ms
[2022-03-26T00:20:16.484+0800][3.938s] GC(3)   Evacuate Collection Set: 17.6ms
[2022-03-26T00:20:16.484+0800][3.938s] GC(3)   Post Evacuate Collection Set: 1.4ms
[2022-03-26T00:20:16.484+0800][3.938s] GC(3)   Other: 0.2ms
[2022-03-26T00:20:16.484+0800][3.938s] GC(3) Eden regions: 43->0(65)
[2022-03-26T00:20:16.484+0800][3.938s] GC(3) Survivor regions: 12->7(7)
[2022-03-26T00:20:16.484+0800][3.938s] GC(3) Old regions: 0->13
[2022-03-26T00:20:16.484+0800][3.939s] GC(3) Humongous regions: 4->4
[2022-03-26T00:20:16.484+0800][3.939s] GC(3) Metaspace: 25272K->25272K(1073152K)
[2022-03-26T00:20:16.484+0800][3.939s] GC(3) Pause Young (Normal) (G1 Evacuation Pause) 58M->23M(512M) 19.730ms
[2022-03-26T00:20:16.484+0800][3.939s] GC(3) User=0.13s Sys=0.00s Real=0.02s
[2022-03-26T00:20:17.896+0800][5.350s] GC(4) Pause Young (Normal) (G1 Evacuation Pause)
[2022-03-26T00:20:17.896+0800][5.350s] GC(4) Using 8 workers of 8 for evacuation
[2022-03-26T00:20:17.899+0800][5.353s] GC(4)   Pre Evacuate Collection Set: 0.0ms
[2022-03-26T00:20:17.899+0800][5.353s] GC(4)   Evacuate Collection Set: 3.1ms
[2022-03-26T00:20:17.899+0800][5.353s] GC(4)   Post Evacuate Collection Set: 0.4ms
[2022-03-26T00:20:17.899+0800][5.353s] GC(4)   Other: 0.2ms
[2022-03-26T00:20:17.899+0800][5.353s] GC(4) Eden regions: 65->0(107)
[2022-03-26T00:20:17.899+0800][5.353s] GC(4) Survivor regions: 7->2(9)
[2022-03-26T00:20:17.899+0800][5.353s] GC(4) Old regions: 13->21
[2022-03-26T00:20:17.899+0800][5.353s] GC(4) Humongous regions: 4->4
[2022-03-26T00:20:17.899+0800][5.354s] GC(4) Metaspace: 32030K->32030K(1079296K)
[2022-03-26T00:20:17.899+0800][5.354s] GC(4) Pause Young (Normal) (G1 Evacuation Pause) 88M->25M(512M) 3.839ms
[2022-03-26T00:20:17.899+0800][5.354s] GC(4) User=0.13s Sys=0.00s Real=0.00s
[2022-03-26T00:20:18.211+0800][5.665s] GC(5) Pause Young (Concurrent Start) (Metadata GC Threshold)
[2022-03-26T00:20:18.211+0800][5.665s] GC(5) Using 8 workers of 8 for evacuation
[2022-03-26T00:20:18.215+0800][5.669s] GC(5)   Pre Evacuate Collection Set: 0.0ms
[2022-03-26T00:20:18.215+0800][5.669s] GC(5)   Evacuate Collection Set: 3.6ms
[2022-03-26T00:20:18.215+0800][5.669s] GC(5)   Post Evacuate Collection Set: 0.3ms
[2022-03-26T00:20:18.215+0800][5.669s] GC(5)   Other: 0.2ms
[2022-03-26T00:20:18.215+0800][5.669s] GC(5) Eden regions: 27->0(116)
[2022-03-26T00:20:18.215+0800][5.669s] GC(5) Survivor regions: 2->2(14)
[2022-03-26T00:20:18.215+0800][5.669s] GC(5) Old regions: 21->21
[2022-03-26T00:20:18.215+0800][5.669s] GC(5) Humongous regions: 4->4
[2022-03-26T00:20:18.215+0800][5.669s] GC(5) Metaspace: 34978K->34978K(1081344K)
[2022-03-26T00:20:18.215+0800][5.670s] GC(5) Pause Young (Concurrent Start) (Metadata GC Threshold) 52M->25M(512M) 4.530ms
[2022-03-26T00:20:18.215+0800][5.670s] GC(5) User=0.00s Sys=0.00s Real=0.00s
[2022-03-26T00:20:18.215+0800][5.670s] GC(6) Concurrent Cycle
[2022-03-26T00:20:18.215+0800][5.670s] GC(6) Concurrent Clear Claimed Marks
[2022-03-26T00:20:18.215+0800][5.670s] GC(6) Concurrent Clear Claimed Marks 0.039ms
[2022-03-26T00:20:18.215+0800][5.670s] GC(6) Concurrent Scan Root Regions
[2022-03-26T00:20:18.217+0800][5.671s] GC(6) Concurrent Scan Root Regions 1.583ms
[2022-03-26T00:20:18.217+0800][5.671s] GC(6) Concurrent Mark (5.671s)
[2022-03-26T00:20:18.217+0800][5.671s] GC(6) Concurrent Mark From Roots
[2022-03-26T00:20:18.217+0800][5.671s] GC(6) Using 2 workers of 2 for marking
[2022-03-26T00:20:18.242+0800][5.697s] GC(6) Concurrent Mark From Roots 25.351ms
[2022-03-26T00:20:18.242+0800][5.697s] GC(6) Concurrent Preclean
[2022-03-26T00:20:18.242+0800][5.697s] GC(6) Concurrent Preclean 0.200ms
[2022-03-26T00:20:18.242+0800][5.697s] GC(6) Concurrent Mark (5.671s, 5.697s) 25.657ms
[2022-03-26T00:20:18.243+0800][5.697s] GC(6) Pause Remark
[2022-03-26T00:20:18.246+0800][5.700s] GC(6) Cleaned string and symbol table, strings: 15804 processed, 27 removed, symbols: 114343 processed, 42 removed
[2022-03-26T00:20:18.246+0800][5.700s] GC(6) Pause Remark 26M->26M(512M) 2.790ms
[2022-03-26T00:20:18.246+0800][5.700s] GC(6) User=0.00s Sys=0.00s Real=0.00s
[2022-03-26T00:20:18.246+0800][5.700s] GC(6) Concurrent Rebuild Remembered Sets
[2022-03-26T00:20:18.258+0800][5.713s] GC(6) Concurrent Rebuild Remembered Sets 12.365ms
[2022-03-26T00:20:18.258+0800][5.713s] GC(6) Pause Cleanup
[2022-03-26T00:20:18.260+0800][5.713s] GC(6) Pause Cleanup 26M->26M(512M) 0.150ms
[2022-03-26T00:20:18.260+0800][5.713s] GC(6) User=0.00s Sys=0.00s Real=0.00s
[2022-03-26T00:20:18.260+0800][5.713s] GC(6) Concurrent Cleanup for Next Mark
[2022-03-26T00:20:18.260+0800][5.714s] GC(6) Concurrent Cleanup for Next Mark 0.729ms
[2022-03-26T00:20:18.260+0800][5.714s] GC(6) Concurrent Cycle 44.577ms
[2022-03-26T00:20:20.584+0800][8.038s] GC(7) Pause Young (Concurrent Start) (G1 Evacuation Pause)
[2022-03-26T00:20:20.584+0800][8.038s] GC(7) Using 8 workers of 8 for evacuation
[2022-03-26T00:20:20.593+0800][8.047s] GC(7)   Pre Evacuate Collection Set: 0.1ms
[2022-03-26T00:20:20.593+0800][8.047s] GC(7)   Evacuate Collection Set: 8.8ms
[2022-03-26T00:20:20.593+0800][8.047s] GC(7)   Post Evacuate Collection Set: 0.6ms
[2022-03-26T00:20:20.593+0800][8.047s] GC(7)   Other: 0.2ms
[2022-03-26T00:20:20.593+0800][8.047s] GC(7) Eden regions: 121->0(179)
[2022-03-26T00:20:20.593+0800][8.047s] GC(7) Survivor regions: 2->9(16)
[2022-03-26T00:20:20.593+0800][8.047s] GC(7) Old regions: 21->21
[2022-03-26T00:20:20.593+0800][8.047s] GC(7) Humongous regions: 5->4
[2022-03-26T00:20:20.593+0800][8.047s] GC(7) Metaspace: 47572K->47572K(1091584K)
[2022-03-26T00:20:20.593+0800][8.047s] GC(7) Pause Young (Concurrent Start) (G1 Evacuation Pause) 147M->32M(512M) 9.853ms
[2022-03-26T00:20:20.593+0800][8.047s] GC(7) User=0.13s Sys=0.00s Real=0.01s
[2022-03-26T00:20:20.593+0800][8.048s] GC(8) Concurrent Cycle
[2022-03-26T00:20:20.593+0800][8.048s] GC(8) Concurrent Clear Claimed Marks
[2022-03-26T00:20:20.593+0800][8.048s] GC(8) Concurrent Clear Claimed Marks 0.052ms
[2022-03-26T00:20:20.593+0800][8.048s] GC(8) Concurrent Scan Root Regions
[2022-03-26T00:20:20.598+0800][8.052s] GC(8) Concurrent Scan Root Regions 4.440ms
[2022-03-26T00:20:20.598+0800][8.052s] GC(8) Concurrent Mark (8.052s)
[2022-03-26T00:20:20.598+0800][8.052s] GC(8) Concurrent Mark From Roots
[2022-03-26T00:20:20.598+0800][8.052s] GC(8) Using 2 workers of 2 for marking
[2022-03-26T00:20:20.618+0800][8.073s] GC(8) Concurrent Mark From Roots 20.568ms
[2022-03-26T00:20:20.618+0800][8.073s] GC(8) Concurrent Preclean
[2022-03-26T00:20:20.618+0800][8.073s] GC(8) Concurrent Preclean 0.203ms
[2022-03-26T00:20:20.618+0800][8.073s] GC(8) Concurrent Mark (8.052s, 8.073s) 20.871ms
[2022-03-26T00:20:20.619+0800][8.073s] GC(8) Pause Remark
[2022-03-26T00:20:20.620+0800][8.077s] GC(8) Cleaned string and symbol table, strings: 22698 processed, 0 removed, symbols: 152435 processed, 119 removed
[2022-03-26T00:20:20.623+0800][8.077s] GC(8) Pause Remark 35M->35M(512M) 3.681ms
[2022-03-26T00:20:20.623+0800][8.077s] GC(8) User=0.00s Sys=0.00s Real=0.00s
[2022-03-26T00:20:20.623+0800][8.077s] GC(8) Concurrent Rebuild Remembered Sets
[2022-03-26T00:20:20.636+0800][8.090s] GC(8) Concurrent Rebuild Remembered Sets 12.491ms
[2022-03-26T00:20:20.636+0800][8.090s] GC(8) Pause Cleanup
[2022-03-26T00:20:20.636+0800][8.090s] GC(8) Pause Cleanup 35M->35M(512M) 0.135ms
[2022-03-26T00:20:20.636+0800][8.090s] GC(8) User=0.00s Sys=0.00s Real=0.00s
[2022-03-26T00:20:20.636+0800][8.090s] GC(8) Concurrent Cleanup for Next Mark
[2022-03-26T00:20:20.637+0800][8.091s] GC(8) Concurrent Cleanup for Next Mark 0.646ms
[2022-03-26T00:20:20.637+0800][8.091s] GC(8) Concurrent Cycle 43.503ms
[2022-03-26T00:36:42.839+0800][990.294s] GC(9) Pause Young (Normal) (G1 Evacuation Pause)
[2022-03-26T00:36:42.839+0800][990.294s] GC(9) Using 8 workers of 8 for evacuation
[2022-03-26T00:36:42.870+0800][990.325s] GC(9)   Pre Evacuate Collection Set: 0.1ms
[2022-03-26T00:36:42.870+0800][990.325s] GC(9)   Evacuate Collection Set: 28.9ms
[2022-03-26T00:36:42.870+0800][990.325s] GC(9)   Post Evacuate Collection Set: 1.6ms
[2022-03-26T00:36:42.871+0800][990.325s] GC(9)   Other: 0.6ms
[2022-03-26T00:36:42.871+0800][990.325s] GC(9) Eden regions: 184->0(281)
[2022-03-26T00:36:42.871+0800][990.325s] GC(9) Survivor regions: 9->17(25)
[2022-03-26T00:36:42.871+0800][990.325s] GC(9) Old regions: 20->20
[2022-03-26T00:36:42.871+0800][990.325s] GC(9) Humongous regions: 7->7
[2022-03-26T00:36:42.871+0800][990.325s] GC(9) Metaspace: 60977K->60977K(1103872K)
[2022-03-26T00:36:42.871+0800][990.325s] GC(9) Pause Young (Normal) (G1 Evacuation Pause) 219M->43M(512M) 31.813ms
[2022-03-26T00:36:42.871+0800][990.325s] GC(9) User=0.09s Sys=0.05s Real=0.03s
[2022-03-26T00:36:45.551+0800][993.005s] GC(10) Pause Young (Normal) (G1 Evacuation Pause)
[2022-03-26T00:36:45.551+0800][993.005s] GC(10) Using 8 workers of 8 for evacuation
[2022-03-26T00:36:45.565+0800][993.019s] GC(10)   Pre Evacuate Collection Set: 0.0ms
[2022-03-26T00:36:45.565+0800][993.019s] GC(10)   Evacuate Collection Set: 12.1ms
[2022-03-26T00:36:45.565+0800][993.019s] GC(10)   Post Evacuate Collection Set: 1.4ms
[2022-03-26T00:36:45.565+0800][993.019s] GC(10)   Other: 0.3ms
[2022-03-26T00:36:45.565+0800][993.019s] GC(10) Eden regions: 281->0(282)
[2022-03-26T00:36:45.565+0800][993.019s] GC(10) Survivor regions: 17->25(38)
[2022-03-26T00:36:45.565+0800][993.019s] GC(10) Old regions: 20->20
[2022-03-26T00:36:45.565+0800][993.019s] GC(10) Humongous regions: 7->7
[2022-03-26T00:36:45.565+0800][993.019s] GC(10) Metaspace: 62625K->62625K(1105920K)
[2022-03-26T00:36:45.565+0800][993.019s] GC(10) Pause Young (Normal) (G1 Evacuation Pause) 324M->51M(512M) 14.000ms
[2022-03-26T00:36:45.565+0800][993.019s] GC(10) User=0.11s Sys=0.00s Real=0.01s
[2022-03-26T02:17:47.474+0800][7054.929s] Heap
[2022-03-26T02:17:47.474+0800][7054.929s]  garbage-first heap   total 524288K, used 299300K [0x00000000e0000000, 0x0000000100000000)
[2022-03-26T02:17:47.474+0800][7054.929s]   region size 1024K, 267 young (273408K), 25 survivors (25600K)
[2022-03-26T02:17:47.474+0800][7054.929s]  Metaspace       used 63348K, capacity 64679K, committed 64896K, reserved 1105920K
[2022-03-26T02:17:47.474+0800][7054.929s]   class space    used 7177K, capacity 7717K, committed 7808K, reserved 1048576K
