[2022-04-10T19:22:20.418+0800][0.049s] Heap region size: 1M
[2022-04-10T19:22:20.741+0800][0.372s] Using G1
[2022-04-10T19:22:20.741+0800][0.372s] Heap address: 0x00000000e0000000, size: 512 MB, Compressed Oops mode: 32-bit
[2022-04-10T19:22:22.061+0800][1.692s] GC(0) Pause Young (Normal) (G1 Evacuation Pause)
[2022-04-10T19:22:22.061+0800][1.693s] GC(0) Using 8 workers of 8 for evacuation
[2022-04-10T19:22:22.065+0800][1.696s] GC(0)   Pre Evacuate Collection Set: 0.0ms
[2022-04-10T19:22:22.065+0800][1.696s] GC(0)   Evacuate Collection Set: 2.9ms
[2022-04-10T19:22:22.065+0800][1.696s] GC(0)   Post Evacuate Collection Set: 0.5ms
[2022-04-10T19:22:22.065+0800][1.696s] GC(0)   Other: 0.9ms
[2022-04-10T19:22:22.065+0800][1.696s] GC(0) Eden regions: 30->0(303)
[2022-04-10T19:22:22.065+0800][1.697s] GC(0) Survivor regions: 0->4(4)
[2022-04-10T19:22:22.065+0800][1.697s] GC(0) Old regions: 0->0
[2022-04-10T19:22:22.065+0800][1.697s] GC(0) Humongous regions: 0->0
[2022-04-10T19:22:22.065+0800][1.697s] GC(0) Metaspace: 13393K->13393K(1060864K)
[2022-04-10T19:22:22.066+0800][1.697s] GC(0) Pause Young (Normal) (G1 Evacuation Pause) 30M->3M(512M) 4.959ms
[2022-04-10T19:22:22.066+0800][1.697s] GC(0) User=0.00s Sys=0.00s Real=0.00s
[2022-04-10T19:22:22.800+0800][2.431s] GC(1) Pause Young (Concurrent Start) (Metadata GC Threshold)
[2022-04-10T19:22:22.800+0800][2.431s] GC(1) Using 8 workers of 8 for evacuation
[2022-04-10T19:22:22.817+0800][2.449s] GC(1)   Pre Evacuate Collection Set: 0.0ms
[2022-04-10T19:22:22.817+0800][2.449s] GC(1)   Evacuate Collection Set: 16.8ms
[2022-04-10T19:22:22.817+0800][2.449s] GC(1)   Post Evacuate Collection Set: 0.8ms
[2022-04-10T19:22:22.817+0800][2.449s] GC(1)   Other: 0.3ms
[2022-04-10T19:22:22.817+0800][2.449s] GC(1) Eden regions: 25->0(295)
[2022-04-10T19:22:22.817+0800][2.449s] GC(1) Survivor regions: 4->12(39)
[2022-04-10T19:22:22.817+0800][2.449s] GC(1) Old regions: 0->0
[2022-04-10T19:22:22.817+0800][2.449s] GC(1) Humongous regions: 4->4
[2022-04-10T19:22:22.817+0800][2.449s] GC(1) Metaspace: 20667K->20667K(1069056K)
[2022-04-10T19:22:22.818+0800][2.449s] GC(1) Pause Young (Concurrent Start) (Metadata GC Threshold) 32M->15M(512M) 18.290ms
[2022-04-10T19:22:22.818+0800][2.449s] GC(1) User=0.03s Sys=0.00s Real=0.02s
[2022-04-10T19:22:22.818+0800][2.449s] GC(2) Concurrent Cycle
[2022-04-10T19:22:22.818+0800][2.449s] GC(2) Concurrent Clear Claimed Marks
[2022-04-10T19:22:22.818+0800][2.449s] GC(2) Concurrent Clear Claimed Marks 0.055ms
[2022-04-10T19:22:22.818+0800][2.449s] GC(2) Concurrent Scan Root Regions
[2022-04-10T19:22:22.830+0800][2.462s] GC(2) Concurrent Scan Root Regions 12.551ms
[2022-04-10T19:22:22.830+0800][2.462s] GC(2) Concurrent Mark (2.462s)
[2022-04-10T19:22:22.830+0800][2.462s] GC(2) Concurrent Mark From Roots
[2022-04-10T19:22:22.830+0800][2.462s] GC(2) Using 2 workers of 2 for marking
[2022-04-10T19:22:22.851+0800][2.482s] GC(2) Concurrent Mark From Roots 20.248ms
[2022-04-10T19:22:22.851+0800][2.482s] GC(2) Concurrent Preclean
[2022-04-10T19:22:22.851+0800][2.482s] GC(2) Concurrent Preclean 0.180ms
[2022-04-10T19:22:22.851+0800][2.482s] GC(2) Concurrent Mark (2.462s, 2.482s) 20.561ms
[2022-04-10T19:22:22.851+0800][2.483s] GC(2) Pause Remark
[2022-04-10T19:22:22.854+0800][2.485s] GC(2) Cleaned string and symbol table, strings: 9670 processed, 0 removed, symbols: 67809 processed, 19 removed
[2022-04-10T19:22:22.854+0800][2.485s] GC(2) Pause Remark 17M->17M(512M) 2.117ms
[2022-04-10T19:22:22.854+0800][2.485s] GC(2) User=0.00s Sys=0.00s Real=0.00s
[2022-04-10T19:22:22.854+0800][2.485s] GC(2) Concurrent Rebuild Remembered Sets
[2022-04-10T19:22:22.857+0800][2.488s] GC(2) Concurrent Rebuild Remembered Sets 2.982ms
[2022-04-10T19:22:22.857+0800][2.488s] GC(2) Pause Cleanup
[2022-04-10T19:22:22.857+0800][2.488s] GC(2) Pause Cleanup 17M->17M(512M) 0.134ms
[2022-04-10T19:22:22.857+0800][2.488s] GC(2) User=0.00s Sys=0.00s Real=0.00s
[2022-04-10T19:22:22.857+0800][2.488s] GC(2) Concurrent Cleanup for Next Mark
[2022-04-10T19:22:22.857+0800][2.489s] GC(2) Concurrent Cleanup for Next Mark 0.571ms
[2022-04-10T19:22:22.858+0800][2.489s] GC(2) Concurrent Cycle 39.848ms
[2022-04-10T19:22:25.186+0800][4.818s] GC(3) Pause Young (Concurrent Start) (Metadata GC Threshold)
[2022-04-10T19:22:25.186+0800][4.818s] GC(3) Using 8 workers of 8 for evacuation
[2022-04-10T19:22:25.203+0800][4.834s] GC(3)   Pre Evacuate Collection Set: 0.1ms
[2022-04-10T19:22:25.203+0800][4.834s] GC(3)   Evacuate Collection Set: 15.0ms
[2022-04-10T19:22:25.203+0800][4.834s] GC(3)   Post Evacuate Collection Set: 1.2ms
[2022-04-10T19:22:25.203+0800][4.834s] GC(3)   Other: 0.2ms
[2022-04-10T19:22:25.203+0800][4.834s] GC(3) Eden regions: 137->0(142)
[2022-04-10T19:22:25.203+0800][4.834s] GC(3) Survivor regions: 12->22(39)
[2022-04-10T19:22:25.203+0800][4.834s] GC(3) Old regions: 0->0
[2022-04-10T19:22:25.203+0800][4.834s] GC(3) Humongous regions: 4->4
[2022-04-10T19:22:25.203+0800][4.834s] GC(3) Metaspace: 35086K->35086K(1081344K)
[2022-04-10T19:22:25.203+0800][4.834s] GC(3) Pause Young (Concurrent Start) (Metadata GC Threshold) 152M->25M(512M) 16.751ms
[2022-04-10T19:22:25.203+0800][4.834s] GC(3) User=0.05s Sys=0.00s Real=0.02s
[2022-04-10T19:22:25.203+0800][4.834s] GC(4) Concurrent Cycle
[2022-04-10T19:22:25.203+0800][4.834s] GC(4) Concurrent Clear Claimed Marks
[2022-04-10T19:22:25.203+0800][4.834s] GC(4) Concurrent Clear Claimed Marks 0.055ms
[2022-04-10T19:22:25.203+0800][4.834s] GC(4) Concurrent Scan Root Regions
[2022-04-10T19:22:25.209+0800][4.841s] GC(4) Concurrent Scan Root Regions 6.115ms
[2022-04-10T19:22:25.210+0800][4.841s] GC(4) Concurrent Mark (4.841s)
[2022-04-10T19:22:25.210+0800][4.841s] GC(4) Concurrent Mark From Roots
[2022-04-10T19:22:25.210+0800][4.841s] GC(4) Using 2 workers of 2 for marking
[2022-04-10T19:22:25.222+0800][4.853s] GC(4) Concurrent Mark From Roots 11.909ms
[2022-04-10T19:22:25.222+0800][4.853s] GC(4) Concurrent Preclean
[2022-04-10T19:22:25.222+0800][4.853s] GC(4) Concurrent Preclean 0.174ms
[2022-04-10T19:22:25.222+0800][4.853s] GC(4) Concurrent Mark (4.841s, 4.853s) 12.200ms
[2022-04-10T19:22:25.222+0800][4.853s] GC(4) Pause Remark
[2022-04-10T19:22:25.225+0800][4.856s] GC(4) Cleaned string and symbol table, strings: 15859 processed, 0 removed, symbols: 114181 processed, 42 removed
[2022-04-10T19:22:25.225+0800][4.856s] GC(4) Pause Remark 26M->26M(512M) 2.629ms
[2022-04-10T19:22:25.225+0800][4.856s] GC(4) User=0.00s Sys=0.00s Real=0.00s
[2022-04-10T19:22:25.225+0800][4.856s] GC(4) Concurrent Rebuild Remembered Sets
[2022-04-10T19:22:25.227+0800][4.858s] GC(4) Concurrent Rebuild Remembered Sets 2.134ms
[2022-04-10T19:22:25.227+0800][4.858s] GC(4) Pause Cleanup
[2022-04-10T19:22:25.227+0800][4.858s] GC(4) Pause Cleanup 26M->26M(512M) 0.121ms
[2022-04-10T19:22:25.227+0800][4.858s] GC(4) User=0.00s Sys=0.00s Real=0.00s
[2022-04-10T19:22:25.227+0800][4.859s] GC(4) Concurrent Cleanup for Next Mark
[2022-04-10T19:22:25.228+0800][4.859s] GC(4) Concurrent Cleanup for Next Mark 0.671ms
[2022-04-10T19:22:25.228+0800][4.859s] GC(4) Concurrent Cycle 24.922ms
[2022-04-10T19:22:26.824+0800][6.455s] GC(5) Pause Young (Normal) (G1 Evacuation Pause)
[2022-04-10T19:22:26.824+0800][6.455s] GC(5) Using 8 workers of 8 for evacuation
[2022-04-10T19:22:26.848+0800][6.479s] GC(5)   Pre Evacuate Collection Set: 0.0ms
[2022-04-10T19:22:26.848+0800][6.480s] GC(5)   Evacuate Collection Set: 22.3ms
[2022-04-10T19:22:26.848+0800][6.480s] GC(5)   Post Evacuate Collection Set: 1.6ms
[2022-04-10T19:22:26.848+0800][6.480s] GC(5)   Other: 0.3ms
[2022-04-10T19:22:26.848+0800][6.480s] GC(5) Eden regions: 136->0(162)
[2022-04-10T19:22:26.848+0800][6.480s] GC(5) Survivor regions: 22->19(20)
[2022-04-10T19:22:26.848+0800][6.480s] GC(5) Old regions: 0->12
[2022-04-10T19:22:26.848+0800][6.480s] GC(5) Humongous regions: 5->4
[2022-04-10T19:22:26.848+0800][6.480s] GC(5) Metaspace: 48982K->48982K(1093632K)
[2022-04-10T19:22:26.848+0800][6.480s] GC(5) Pause Young (Normal) (G1 Evacuation Pause) 162M->33M(512M) 24.540ms
[2022-04-10T19:22:26.849+0800][6.480s] GC(5) User=0.11s Sys=0.00s Real=0.03s
[2022-04-10T19:24:23.239+0800][122.870s] GC(6) Pause Young (Concurrent Start) (Metadata GC Threshold)
[2022-04-10T19:24:23.239+0800][122.870s] GC(6) Using 8 workers of 8 for evacuation
[2022-04-10T19:24:23.262+0800][122.893s] GC(6)   Pre Evacuate Collection Set: 0.1ms
[2022-04-10T19:24:23.262+0800][122.893s] GC(6)   Evacuate Collection Set: 22.0ms
[2022-04-10T19:24:23.262+0800][122.893s] GC(6)   Post Evacuate Collection Set: 0.8ms
[2022-04-10T19:24:23.262+0800][122.894s] GC(6)   Other: 0.3ms
[2022-04-10T19:24:23.262+0800][122.894s] GC(6) Eden regions: 159->0(291)
[2022-04-10T19:24:23.262+0800][122.894s] GC(6) Survivor regions: 19->16(23)
[2022-04-10T19:24:23.262+0800][122.894s] GC(6) Old regions: 12->22
[2022-04-10T19:24:23.262+0800][122.894s] GC(6) Humongous regions: 4->4
[2022-04-10T19:24:23.262+0800][122.894s] GC(6) Metaspace: 58898K->58898K(1101824K)
[2022-04-10T19:24:23.262+0800][122.894s] GC(6) Pause Young (Concurrent Start) (Metadata GC Threshold) 192M->41M(512M) 23.431ms
[2022-04-10T19:24:23.262+0800][122.894s] GC(6) User=0.14s Sys=0.00s Real=0.02s
[2022-04-10T19:24:23.262+0800][122.894s] GC(7) Concurrent Cycle
[2022-04-10T19:24:23.262+0800][122.894s] GC(7) Concurrent Clear Claimed Marks
[2022-04-10T19:24:23.262+0800][122.894s] GC(7) Concurrent Clear Claimed Marks 0.081ms
[2022-04-10T19:24:23.262+0800][122.894s] GC(7) Concurrent Scan Root Regions
[2022-04-10T19:24:23.272+0800][122.904s] GC(7) Concurrent Scan Root Regions 10.004ms
[2022-04-10T19:24:23.272+0800][122.904s] GC(7) Concurrent Mark (122.904s)
[2022-04-10T19:24:23.273+0800][122.904s] GC(7) Concurrent Mark From Roots
[2022-04-10T19:24:23.273+0800][122.904s] GC(7) Using 2 workers of 2 for marking
[2022-04-10T19:24:23.309+0800][122.941s] GC(7) Concurrent Mark From Roots 36.592ms
[2022-04-10T19:24:23.309+0800][122.941s] GC(7) Concurrent Preclean
[2022-04-10T19:24:23.310+0800][122.941s] GC(7) Concurrent Preclean 0.357ms
[2022-04-10T19:24:23.310+0800][122.941s] GC(7) Concurrent Mark (122.904s, 122.941s) 37.121ms
[2022-04-10T19:24:23.310+0800][122.941s] GC(7) Pause Remark
[2022-04-10T19:24:23.316+0800][122.947s] GC(7) Cleaned string and symbol table, strings: 27679 processed, 23 removed, symbols: 177942 processed, 620 removed
[2022-04-10T19:24:23.316+0800][122.947s] GC(7) Pause Remark 42M->42M(512M) 5.811ms
[2022-04-10T19:24:23.316+0800][122.947s] GC(7) User=0.00s Sys=0.00s Real=0.01s
[2022-04-10T19:24:23.316+0800][122.947s] GC(7) Concurrent Rebuild Remembered Sets
[2022-04-10T19:24:23.336+0800][122.967s] GC(7) Concurrent Rebuild Remembered Sets 19.534ms
[2022-04-10T19:24:23.337+0800][122.968s] GC(7) Pause Cleanup
[2022-04-10T19:24:23.337+0800][122.969s] GC(7) Pause Cleanup 43M->43M(512M) 0.211ms
[2022-04-10T19:24:23.337+0800][122.969s] GC(7) User=0.00s Sys=0.00s Real=0.00s
[2022-04-10T19:24:23.337+0800][122.969s] GC(7) Concurrent Cleanup for Next Mark
[2022-04-10T19:24:23.338+0800][122.969s] GC(7) Concurrent Cleanup for Next Mark 0.732ms
[2022-04-10T19:24:23.338+0800][122.970s] GC(7) Concurrent Cycle 75.875ms
[2022-04-10T19:56:34.839+0800][2054.471s] Heap
[2022-04-10T19:56:34.839+0800][2054.471s]  garbage-first heap   total 524288K, used 159846K [0x00000000e0000000, 0x0000000100000000)
[2022-04-10T19:56:34.839+0800][2054.471s]   region size 1024K, 130 young (133120K), 16 survivors (16384K)
[2022-04-10T19:56:34.840+0800][2054.471s]  Metaspace       used 61209K, capacity 62553K, committed 62720K, reserved 1103872K
[2022-04-10T19:56:34.840+0800][2054.471s]   class space    used 7019K, capacity 7566K, committed 7680K, reserved 1048576K
