[2022-04-08T12:56:52.237+0800][1.694s] Heap region size: 1M
[2022-04-08T12:56:52.589+0800][2.045s] Using G1
[2022-04-08T12:56:52.589+0800][2.045s] Heap address: 0x00000000e0000000, size: 512 MB, Compressed Oops mode: 32-bit
[2022-04-08T12:56:54.155+0800][3.612s] GC(0) Pause Young (Normal) (G1 Evacuation Pause)
[2022-04-08T12:56:54.156+0800][3.612s] GC(0) Using 8 workers of 8 for evacuation
[2022-04-08T12:56:54.160+0800][3.616s] GC(0)   Pre Evacuate Collection Set: 0.0ms
[2022-04-08T12:56:54.160+0800][3.616s] GC(0)   Evacuate Collection Set: 2.9ms
[2022-04-08T12:56:54.160+0800][3.616s] GC(0)   Post Evacuate Collection Set: 0.7ms
[2022-04-08T12:56:54.160+0800][3.616s] GC(0)   Other: 0.7ms
[2022-04-08T12:56:54.160+0800][3.616s] GC(0) Eden regions: 30->0(303)
[2022-04-08T12:56:54.161+0800][3.617s] GC(0) Survivor regions: 0->4(4)
[2022-04-08T12:56:54.161+0800][3.617s] GC(0) Old regions: 0->0
[2022-04-08T12:56:54.161+0800][3.617s] GC(0) Humongous regions: 0->0
[2022-04-08T12:56:54.161+0800][3.617s] GC(0) Metaspace: 13346K->13346K(1060864K)
[2022-04-08T12:56:54.161+0800][3.617s] GC(0) Pause Young (Normal) (G1 Evacuation Pause) 30M->3M(512M) 5.194ms
[2022-04-08T12:56:54.161+0800][3.617s] GC(0) User=0.00s Sys=0.00s Real=0.01s
[2022-04-08T12:56:54.775+0800][4.231s] GC(1) Pause Young (Concurrent Start) (Metadata GC Threshold)
[2022-04-08T12:56:54.775+0800][4.231s] GC(1) Using 8 workers of 8 for evacuation
[2022-04-08T12:56:54.796+0800][4.252s] GC(1)   Pre Evacuate Collection Set: 0.0ms
[2022-04-08T12:56:54.796+0800][4.252s] GC(1)   Evacuate Collection Set: 20.1ms
[2022-04-08T12:56:54.797+0800][4.253s] GC(1)   Post Evacuate Collection Set: 1.0ms
[2022-04-08T12:56:54.797+0800][4.253s] GC(1)   Other: 0.4ms
[2022-04-08T12:56:54.797+0800][4.253s] GC(1) Eden regions: 25->0(295)
[2022-04-08T12:56:54.797+0800][4.253s] GC(1) Survivor regions: 4->12(39)
[2022-04-08T12:56:54.797+0800][4.253s] GC(1) Old regions: 0->0
[2022-04-08T12:56:54.797+0800][4.253s] GC(1) Humongous regions: 4->4
[2022-04-08T12:56:54.797+0800][4.253s] GC(1) Metaspace: 20653K->20653K(1069056K)
[2022-04-08T12:56:54.797+0800][4.253s] GC(1) Pause Young (Concurrent Start) (Metadata GC Threshold) 31M->15M(512M) 21.884ms
[2022-04-08T12:56:54.797+0800][4.253s] GC(1) User=0.13s Sys=0.00s Real=0.02s
[2022-04-08T12:56:54.797+0800][4.253s] GC(2) Concurrent Cycle
[2022-04-08T12:56:54.797+0800][4.253s] GC(2) Concurrent Clear Claimed Marks
[2022-04-08T12:56:54.797+0800][4.253s] GC(2) Concurrent Clear Claimed Marks 0.048ms
[2022-04-08T12:56:54.797+0800][4.253s] GC(2) Concurrent Scan Root Regions
[2022-04-08T12:56:54.804+0800][4.260s] GC(2) Concurrent Scan Root Regions 6.901ms
[2022-04-08T12:56:54.804+0800][4.260s] GC(2) Concurrent Mark (4.260s)
[2022-04-08T12:56:54.804+0800][4.260s] GC(2) Concurrent Mark From Roots
[2022-04-08T12:56:54.804+0800][4.260s] GC(2) Using 2 workers of 2 for marking
[2022-04-08T12:56:54.805+0800][4.263s] GC(2) Concurrent Mark From Roots 2.377ms
[2022-04-08T12:56:54.805+0800][4.263s] GC(2) Concurrent Preclean
[2022-04-08T12:56:54.805+0800][4.263s] GC(2) Concurrent Preclean 0.258ms
[2022-04-08T12:56:54.805+0800][4.263s] GC(2) Concurrent Mark (4.260s, 4.263s) 2.772ms
[2022-04-08T12:56:54.807+0800][4.263s] GC(2) Pause Remark
[2022-04-08T12:56:54.809+0800][4.265s] GC(2) Cleaned string and symbol table, strings: 9632 processed, 0 removed, symbols: 67561 processed, 19 removed
[2022-04-08T12:56:54.809+0800][4.266s] GC(2) Pause Remark 16M->16M(512M) 2.508ms
[2022-04-08T12:56:54.809+0800][4.266s] GC(2) User=0.00s Sys=0.00s Real=0.00s
[2022-04-08T12:56:54.809+0800][4.266s] GC(2) Concurrent Rebuild Remembered Sets
[2022-04-08T12:56:54.813+0800][4.272s] GC(2) Concurrent Rebuild Remembered Sets 5.656ms
[2022-04-08T12:56:54.817+0800][4.272s] GC(2) Pause Cleanup
[2022-04-08T12:56:54.817+0800][4.273s] GC(2) Pause Cleanup 16M->16M(512M) 0.266ms
[2022-04-08T12:56:54.817+0800][4.273s] GC(2) User=0.00s Sys=0.00s Real=0.00s
[2022-04-08T12:56:54.817+0800][4.273s] GC(2) Concurrent Cleanup for Next Mark
[2022-04-08T12:56:54.818+0800][4.274s] GC(2) Concurrent Cleanup for Next Mark 0.745ms
[2022-04-08T12:56:54.818+0800][4.274s] GC(2) Concurrent Cycle 20.888ms
[2022-04-08T12:56:57.575+0800][7.031s] GC(3) Pause Young (Concurrent Start) (Metadata GC Threshold)
[2022-04-08T12:56:57.575+0800][7.031s] GC(3) Using 8 workers of 8 for evacuation
[2022-04-08T12:56:57.597+0800][7.054s] GC(3)   Pre Evacuate Collection Set: 0.0ms
[2022-04-08T12:56:57.597+0800][7.054s] GC(3)   Evacuate Collection Set: 20.7ms
[2022-04-08T12:56:57.597+0800][7.054s] GC(3)   Post Evacuate Collection Set: 1.2ms
[2022-04-08T12:56:57.597+0800][7.054s] GC(3)   Other: 0.3ms
[2022-04-08T12:56:57.597+0800][7.054s] GC(3) Eden regions: 137->0(141)
[2022-04-08T12:56:57.597+0800][7.054s] GC(3) Survivor regions: 12->21(34)
[2022-04-08T12:56:57.597+0800][7.054s] GC(3) Old regions: 0->0
[2022-04-08T12:56:57.597+0800][7.054s] GC(3) Humongous regions: 4->4
[2022-04-08T12:56:57.597+0800][7.054s] GC(3) Metaspace: 35021K->35021K(1081344K)
[2022-04-08T12:56:57.597+0800][7.054s] GC(3) Pause Young (Concurrent Start) (Metadata GC Threshold) 152M->25M(512M) 22.430ms
[2022-04-08T12:56:57.597+0800][7.054s] GC(3) User=0.06s Sys=0.00s Real=0.02s
[2022-04-08T12:56:57.598+0800][7.054s] GC(4) Concurrent Cycle
[2022-04-08T12:56:57.598+0800][7.054s] GC(4) Concurrent Clear Claimed Marks
[2022-04-08T12:56:57.598+0800][7.054s] GC(4) Concurrent Clear Claimed Marks 0.047ms
[2022-04-08T12:56:57.598+0800][7.054s] GC(4) Concurrent Scan Root Regions
[2022-04-08T12:56:57.606+0800][7.062s] GC(4) Concurrent Scan Root Regions 8.362ms
[2022-04-08T12:56:57.606+0800][7.062s] GC(4) Concurrent Mark (7.062s)
[2022-04-08T12:56:57.607+0800][7.062s] GC(4) Concurrent Mark From Roots
[2022-04-08T12:56:57.607+0800][7.063s] GC(4) Using 2 workers of 2 for marking
[2022-04-08T12:56:57.611+0800][7.068s] GC(4) Concurrent Mark From Roots 5.065ms
[2022-04-08T12:56:57.611+0800][7.068s] GC(4) Concurrent Preclean
[2022-04-08T12:56:57.611+0800][7.068s] GC(4) Concurrent Preclean 0.217ms
[2022-04-08T12:56:57.611+0800][7.068s] GC(4) Concurrent Mark (7.062s, 7.068s) 5.438ms
[2022-04-08T12:56:57.612+0800][7.068s] GC(4) Pause Remark
[2022-04-08T12:56:57.615+0800][7.071s] GC(4) Cleaned string and symbol table, strings: 15839 processed, 0 removed, symbols: 114089 processed, 42 removed
[2022-04-08T12:56:57.615+0800][7.071s] GC(4) Pause Remark 26M->26M(512M) 2.878ms
[2022-04-08T12:56:57.615+0800][7.071s] GC(4) User=0.13s Sys=0.00s Real=0.00s
[2022-04-08T12:56:57.615+0800][7.071s] GC(4) Concurrent Rebuild Remembered Sets
[2022-04-08T12:56:57.617+0800][7.074s] GC(4) Concurrent Rebuild Remembered Sets 3.168ms
[2022-04-08T12:56:57.619+0800][7.075s] GC(4) Pause Cleanup
[2022-04-08T12:56:57.619+0800][7.075s] GC(4) Pause Cleanup 26M->26M(512M) 0.151ms
[2022-04-08T12:56:57.619+0800][7.075s] GC(4) User=0.00s Sys=0.00s Real=0.00s
[2022-04-08T12:56:57.619+0800][7.075s] GC(4) Concurrent Cleanup for Next Mark
[2022-04-08T12:56:57.620+0800][7.076s] GC(4) Concurrent Cleanup for Next Mark 0.638ms
[2022-04-08T12:56:57.620+0800][7.076s] GC(4) Concurrent Cycle 21.868ms
[2022-04-08T12:56:59.587+0800][9.043s] GC(5) Pause Young (Normal) (G1 Evacuation Pause)
[2022-04-08T12:56:59.587+0800][9.043s] GC(5) Using 8 workers of 8 for evacuation
[2022-04-08T12:56:59.612+0800][9.069s] GC(5)   Pre Evacuate Collection Set: 0.0ms
[2022-04-08T12:56:59.612+0800][9.069s] GC(5)   Evacuate Collection Set: 24.5ms
[2022-04-08T12:56:59.612+0800][9.069s] GC(5)   Post Evacuate Collection Set: 1.4ms
[2022-04-08T12:56:59.612+0800][9.069s] GC(5)   Other: 0.3ms
[2022-04-08T12:56:59.612+0800][9.069s] GC(5) Eden regions: 138->0(161)
[2022-04-08T12:56:59.612+0800][9.069s] GC(5) Survivor regions: 21->18(20)
[2022-04-08T12:56:59.612+0800][9.069s] GC(5) Old regions: 0->12
[2022-04-08T12:56:59.612+0800][9.069s] GC(5) Humongous regions: 5->4
[2022-04-08T12:56:59.612+0800][9.069s] GC(5) Metaspace: 48456K->48456K(1093632K)
[2022-04-08T12:56:59.612+0800][9.069s] GC(5) Pause Young (Normal) (G1 Evacuation Pause) 164M->32M(512M) 26.406ms
[2022-04-08T12:56:59.612+0800][9.069s] GC(5) User=0.13s Sys=0.00s Real=0.03s
[2022-04-08T12:57:48.311+0800][57.769s] GC(6) Pause Young (Normal) (G1 Evacuation Pause)
[2022-04-08T12:57:48.311+0800][57.769s] GC(6) Using 8 workers of 8 for evacuation
[2022-04-08T12:57:48.347+0800][57.804s] GC(6)   Pre Evacuate Collection Set: 0.0ms
[2022-04-08T12:57:48.348+0800][57.804s] GC(6)   Evacuate Collection Set: 27.1ms
[2022-04-08T12:57:48.348+0800][57.804s] GC(6)   Post Evacuate Collection Set: 7.8ms
[2022-04-08T12:57:48.348+0800][57.804s] GC(6)   Other: 0.5ms
[2022-04-08T12:57:48.348+0800][57.804s] GC(6) Eden regions: 161->0(289)
[2022-04-08T12:57:48.349+0800][57.804s] GC(6) Survivor regions: 18->18(23)
[2022-04-08T12:57:48.349+0800][57.805s] GC(6) Old regions: 12->21
[2022-04-08T12:57:48.349+0800][57.805s] GC(6) Humongous regions: 4->4
[2022-04-08T12:57:48.349+0800][57.805s] GC(6) Metaspace: 57660K->57660K(1101824K)
[2022-04-08T12:57:48.349+0800][57.805s] GC(6) Pause Young (Normal) (G1 Evacuation Pause) 193M->42M(512M) 35.878ms
[2022-04-08T12:57:48.349+0800][57.805s] GC(6) User=0.20s Sys=0.00s Real=0.04s
[2022-04-08T12:58:26.734+0800][96.191s] GC(7) Pause Young (Concurrent Start) (Metadata GC Threshold)
[2022-04-08T12:58:26.734+0800][96.191s] GC(7) Using 8 workers of 8 for evacuation
[2022-04-08T12:58:26.773+0800][96.229s] GC(7)   Pre Evacuate Collection Set: 0.1ms
[2022-04-08T12:58:26.774+0800][96.229s] GC(7)   Evacuate Collection Set: 37.3ms
[2022-04-08T12:58:26.774+0800][96.230s] GC(7)   Post Evacuate Collection Set: 1.1ms
[2022-04-08T12:58:26.774+0800][96.230s] GC(7)   Other: 0.4ms
[2022-04-08T12:58:26.774+0800][96.230s] GC(7) Eden regions: 11->0(291)
[2022-04-08T12:58:26.774+0800][96.230s] GC(7) Survivor regions: 18->16(39)
[2022-04-08T12:58:26.774+0800][96.230s] GC(7) Old regions: 21->21
[2022-04-08T12:58:26.774+0800][96.230s] GC(7) Humongous regions: 4->4
[2022-04-08T12:58:26.774+0800][96.230s] GC(7) Metaspace: 58738K->58738K(1101824K)
[2022-04-08T12:58:26.774+0800][96.230s] GC(7) Pause Young (Concurrent Start) (Metadata GC Threshold) 53M->39M(512M) 39.680ms
[2022-04-08T12:58:26.774+0800][96.230s] GC(7) User=0.17s Sys=0.00s Real=0.04s
[2022-04-08T12:58:26.774+0800][96.230s] GC(8) Concurrent Cycle
[2022-04-08T12:58:26.774+0800][96.231s] GC(8) Concurrent Clear Claimed Marks
[2022-04-08T12:58:26.775+0800][96.231s] GC(8) Concurrent Clear Claimed Marks 0.124ms
[2022-04-08T12:58:26.775+0800][96.231s] GC(8) Concurrent Scan Root Regions
[2022-04-08T12:58:26.790+0800][96.247s] GC(8) Concurrent Scan Root Regions 15.886ms
[2022-04-08T12:58:26.790+0800][96.247s] GC(8) Concurrent Mark (96.247s)
[2022-04-08T12:58:26.790+0800][96.247s] GC(8) Concurrent Mark From Roots
[2022-04-08T12:58:26.790+0800][96.247s] GC(8) Using 2 workers of 2 for marking
[2022-04-08T12:58:26.845+0800][96.303s] GC(8) Concurrent Mark From Roots 55.727ms
[2022-04-08T12:58:26.845+0800][96.303s] GC(8) Concurrent Preclean
[2022-04-08T12:58:26.845+0800][96.303s] GC(8) Concurrent Preclean 0.652ms
[2022-04-08T12:58:26.845+0800][96.303s] GC(8) Concurrent Mark (96.247s, 96.303s) 56.634ms
[2022-04-08T12:58:26.845+0800][96.304s] GC(8) Pause Remark
[2022-04-08T12:58:26.854+0800][96.313s] GC(8) Cleaned string and symbol table, strings: 28184 processed, 34 removed, symbols: 176201 processed, 577 removed
[2022-04-08T12:58:26.857+0800][96.313s] GC(8) Pause Remark 40M->40M(512M) 9.317ms
[2022-04-08T12:58:26.857+0800][96.313s] GC(8) User=0.02s Sys=0.00s Real=0.01s
[2022-04-08T12:58:26.857+0800][96.313s] GC(8) Concurrent Rebuild Remembered Sets
[2022-04-08T12:58:26.877+0800][96.336s] GC(8) Concurrent Rebuild Remembered Sets 22.190ms
[2022-04-08T12:58:26.877+0800][96.336s] GC(8) Pause Cleanup
[2022-04-08T12:58:26.877+0800][96.337s] GC(8) Pause Cleanup 41M->41M(512M) 0.198ms
[2022-04-08T12:58:26.877+0800][96.337s] GC(8) User=0.00s Sys=0.00s Real=0.00s
[2022-04-08T12:58:26.877+0800][96.337s] GC(8) Concurrent Cleanup for Next Mark
[2022-04-08T12:58:26.881+0800][96.338s] GC(8) Concurrent Cleanup for Next Mark 1.525ms
[2022-04-08T12:58:26.881+0800][96.338s] GC(8) Concurrent Cycle 107.879ms
[2022-04-08T12:58:31.928+0800][101.385s] GC(9) Pause Young (Normal) (G1 Evacuation Pause)
[2022-04-08T12:58:31.929+0800][101.385s] GC(9) Using 8 workers of 8 for evacuation
[2022-04-08T12:58:31.946+0800][101.403s] GC(9)   Pre Evacuate Collection Set: 0.0ms
[2022-04-08T12:58:31.947+0800][101.403s] GC(9)   Evacuate Collection Set: 16.1ms
[2022-04-08T12:58:31.947+0800][101.403s] GC(9)   Post Evacuate Collection Set: 1.4ms
[2022-04-08T12:58:31.947+0800][101.403s] GC(9)   Other: 0.5ms
[2022-04-08T12:58:31.947+0800][101.404s] GC(9) Eden regions: 291->0(283)
[2022-04-08T12:58:31.947+0800][101.404s] GC(9) Survivor regions: 16->24(39)
[2022-04-08T12:58:31.947+0800][101.404s] GC(9) Old regions: 21->21
[2022-04-08T12:58:31.947+0800][101.404s] GC(9) Humongous regions: 7->7
[2022-04-08T12:58:31.947+0800][101.404s] GC(9) Metaspace: 61455K->61455K(1105920K)
[2022-04-08T12:58:31.947+0800][101.404s] GC(9) Pause Young (Normal) (G1 Evacuation Pause) 333M->51M(512M) 18.464ms
[2022-04-08T12:58:31.947+0800][101.404s] GC(9) User=0.08s Sys=0.00s Real=0.02s
[2022-04-08T13:21:19.153+0800][1468.610s] Heap
[2022-04-08T13:21:19.153+0800][1468.610s]  garbage-first heap   total 524288K, used 271558K [0x00000000e0000000, 0x0000000100000000)
[2022-04-08T13:21:19.153+0800][1468.610s]   region size 1024K, 239 young (244736K), 24 survivors (24576K)
[2022-04-08T13:21:19.153+0800][1468.610s]  Metaspace       used 63796K, capacity 65162K, committed 65408K, reserved 1107968K
[2022-04-08T13:21:19.153+0800][1468.610s]   class space    used 7192K, capacity 7732K, committed 7808K, reserved 1048576K
